******************************************************************************
                  TI ARM Linker PC v16.9.1                     
******************************************************************************
>> Linked Wed Sep 13 13:05:49 2017

OUTPUT FILE NAME:   <adc.out>
ENTRY POINT SYMBOL: "_c_int00"  address: 20007545


MEMORY CONFIGURATION

         name            origin    length      used     unused   attr    fill
----------------------  --------  ---------  --------  --------  ----  --------
  SRAM_CODE             20004000   00013000  00003f1c  0000f0e4  RW X
  SRAM_DATA             20017000   00019000  0000a92d  0000e6d3  RW X


SEGMENT ALLOCATION MAP

run origin  load origin   length   init length attrs members
----------  ----------- ---------- ----------- ----- -------
20004000    20004000    00003f20   00003f20    r-x
  20004000    20004000    00000400   00000400    r-- .intvecs
  20004400    20004400    000036dc   000036dc    r-x .text
  20007adc    20007adc    00000400   00000400    r-- .const
  20007ee0    20007ee0    00000040   00000040    r-- .cinit
20017000    20017000    00009930   00000000    rw-
  20017000    20017000    00008000   00000000    rw- .sysmem
  2001f000    2001f000    00001905   00000000    rw- .bss
  20020908    20020908    00000028   00000000    rw- .data
2002f000    2002f000    00001000   00000000    rw-
  2002f000    2002f000    00001000   00000000    rw- .stack


SECTION ALLOCATION MAP

 output                                  attributes/
section   page    origin      length       input sections
--------  ----  ----------  ----------   ----------------
.intvecs   0    20004000    00000400     
                  20004000    00000400     startup_ccs.obj (.intvecs)

.init_array 
*          0    20004000    00000000     UNINITIALIZED

.text      0    20004400    000036dc     
                  20004400    00001122     rtsv7M4_T_le_eabi.lib : _printfi.obj (.text)
                  20005522    00000002     driverlib.a : interrupt.obj (.text:IntDefaultHandler)
                  20005524    000003d0     rtsv7M4_T_le_eabi.lib : memory.obj (.text)
                  200058f4    000002cc     main.obj (.text)
                  20005bc0    00000280     uart_if.obj (.text)
                  20005e40    000001f4     rtsv7M4_T_le_eabi.lib : ull_div_t2.obj (.text)
                  20006034    000001cc     udma_if.obj (.text)
                  20006200    000001b6     rtsv7M4_T_le_eabi.lib : fd_add_t2.obj (.text)
                  200063b6    00000002                           : mpu_init.obj (.text)
                  200063b8    00000178     driverlib.a : prcm.obj (.text:PRCMCC3200MCUInit)
                  20006530    00000136     rtsv7M4_T_le_eabi.lib : fd_div_t2.obj (.text)
                  20006666    000000fc                           : fd_mul_t2.obj (.text)
                  20006762    00000002                           : startup.obj (.text)
                  20006764    000000f0     driverlib.a : udma.obj (.text:uDMAChannelTransferSet)
                  20006854    000000d0     rtsv7M4_T_le_eabi.lib : s_scalbn.obj (.text)
                  20006924    000000a8     driverlib.a : interrupt.obj (.text:IntDisable)
                  200069cc    000000a8                 : interrupt.obj (.text:IntEnable)
                  20006a74    0000009c     rtsv7M4_T_le_eabi.lib : memcpy_t2.obj (.text)
                  20006b10    00000094     driverlib.a : prcm.obj (.text:PRCMPeripheralClockGet)
                  20006ba4    00000088                 : pin.obj (.text:PinConfigSet)
                  20006c2c    00000088     rtsv7M4_T_le_eabi.lib : vsnprintf.obj (.text)
                  20006cb4    00000086                           : fd_cmp_t2.obj (.text:__aeabi_cdcmple)
                  20006d3a    00000086                           : fd_cmp_t2.obj (.text:__aeabi_cdrcmple)
                  20006dc0    0000007a                           : memset_t2.obj (.text)
                  20006e3a    00000076     driverlib.a : uart.obj (.text:UARTConfigSetExpClk)
                  20006eb0    00000070     rtsv7M4_T_le_eabi.lib : autoinit.obj (.text)
                  20006f20    0000006e                           : fd_tos_t2.obj (.text)
                  20006f8e    00000002     --HOLE-- [fill = 0]
                  20006f90    00000068     driverlib.a : adc.obj (.text:ADCIntEnable)
                  20006ff8    00000068     rtsv7M4_T_le_eabi.lib : copy_decompress_lzss.obj (.text:decompress:lzss)
                  20007060    00000064     driverlib.a : udma.obj (.text:uDMAChannelAttributeDisable)
                  200070c4    00000064                 : udma.obj (.text:uDMAChannelAttributeEnable)
                  20007128    0000005c                 : adc.obj (.text:ADCIntStatus)
                  20007184    0000005c     rtsv7M4_T_le_eabi.lib : s_frexp.obj (.text)
                  200071e0    00000058     driverlib.a : adc.obj (.text:ADCIntClear)
                  20007238    00000058                 : prcm.obj (.text:PRCMPeripheralReset)
                  20007290    00000054                 : interrupt.obj (.text:IntPrioritySet)
                  200072e4    00000054     rtsv7M4_T_le_eabi.lib : exit.obj (.text)
                  20007338    00000054                           : ltoa.obj (.text)
                  2000738c    0000004c                           : atoi.obj (.text)
                  200073d8    0000004c                           : cpy_tbl.obj (.text)
                  20007424    0000004c     driverlib.a : udma.obj (.text:uDMAChannelAssign)
                  20007470    0000004c                 : udma.obj (.text:uDMAChannelModeGet)
                  200074bc    00000048     rtsv7M4_T_le_eabi.lib : fd_toi_t2.obj (.text)
                  20007504    00000040     driverlib.a : pin.obj (.text:PinModeSet)
                  20007544    00000040     rtsv7M4_T_le_eabi.lib : boot.obj (.text)
                  20007584    0000003e     driverlib.a : adc.obj (.text:ADCIntRegister)
                  200075c2    00000002     --HOLE-- [fill = 0]
                  200075c4    0000003c                 : prcm.obj (.text:PRCMPeripheralClkEnable)
                  20007600    0000003c                 : udma.obj (.text:uDMAChannelControlSet)
                  2000763c    00000038                 : adc.obj (.text:ADCChannelEnable)
                  20007674    00000038                 : adc.obj (.text:ADCDMAEnable)
                  200076ac    00000038     rtsv7M4_T_le_eabi.lib : fs_tod_t2.obj (.text)
                  200076e4    00000030     driverlib.a : uart.obj (.text:UARTDisable)
                  20007714    0000002e     rtsv7M4_T_le_eabi.lib : i_tofd_t2.obj (.text)
                  20007742    00000002     --HOLE-- [fill = 0]
                  20007744    0000002c     driverlib.a : prcm.obj (.text:PRCMSysResetCauseGet)
                  20007770    00000028                 : prcm.obj (.text:PRCMPeripheralClkDisable)
                  20007798    00000024                 : interrupt.obj (.text:IntUnregister)
                  200077bc    00000024                 : uart.obj (.text:UARTEnable)
                  200077e0    00000024     rtsv7M4_T_le_eabi.lib : memmov.obj (.text)
                  20007804    00000024                           : u_tofs_t2.obj (.text)
                  20007828    00000020     driverlib.a : interrupt.obj (.text:IntRegister)
                  20007848    0000001e                 : uart.obj (.text:UARTCharPut)
                  20007866    0000001c                 : uart.obj (.text:UARTCharGetNonBlocking)
                  20007882    0000001c     pinmux.obj (.text)
                  2000789e    0000001c     rtsv7M4_T_le_eabi.lib : memccpy.obj (.text)
                  200078ba    00000002     --HOLE-- [fill = 0]
                  200078bc    0000001c     driverlib.a : udma.obj (.text:uDMAChannelDisable)
                  200078d8    0000001c                 : udma.obj (.text:uDMAChannelEnable)
                  200078f4    0000001c                 : udma.obj (.text:uDMAChannelRequest)
                  20007910    0000001a                 : pin.obj (.text:PinTypeUART)
                  2000792a    00000018                 : uart.obj (.text:UARTCharsAvail)
                  20007942    00000002     --HOLE-- [fill = 0]
                  20007944    00000018     rtsv7M4_T_le_eabi.lib : args_main.obj (.text)
                  2000795c    00000016     driverlib.a : prcm.obj (.text:PRCMHIBRegRead)
                  20007972    00000016                 : prcm.obj (.text:PRCMHIBRegWrite)
                  20007988    00000016     rtsv7M4_T_le_eabi.lib : strchr.obj (.text)
                  2000799e    00000016     driverlib.a : udma.obj (.text:uDMAIntRegister)
                  200079b4    00000014                 : adc.obj (.text:ADCEnable)
                  200079c8    00000014                 : cpu.obj (.text:CPUcpsie)
                  200079dc    00000014                 : interrupt.obj (.text:IntVTableBaseSet)
                  200079f0    00000014                 : pin.obj (.text:PinTypeADC)
                  20007a04    00000014     rtsv7M4_T_le_eabi.lib : _lock.obj (.text)
                  20007a18    00000014                           : strlen.obj (.text)
                  20007a2c    00000014     driverlib.a : udma.obj (.text:uDMAControlBaseSet)
                  20007a40    00000014                 : udma.obj (.text:uDMAIntClear)
                  20007a54    00000012                 : udma.obj (.text:uDMAIntUnregister)
                  20007a66    0000000e     rtsv7M4_T_le_eabi.lib : copy_decompress_none.obj (.text:decompress:none)
                  20007a74    0000000e     startup_ccs.obj (.text)
                  20007a82    0000000c     rtsv7M4_T_le_eabi.lib : copy_zero_init.obj (.text:decompress:ZI)
                  20007a8e    00000002     --HOLE-- [fill = 0]
                  20007a90    0000000c     driverlib.a : udma.obj (.text:uDMAControlBaseGet)
                  20007a9c    0000000c                 : udma.obj (.text:uDMADisable)
                  20007aa8    0000000c                 : udma.obj (.text:uDMAEnable)
                  20007ab4    0000000c                 : udma.obj (.text:uDMAIntStatus)
                  20007ac0    0000000a                 : interrupt.obj (.text:IntMasterEnable)
                  20007aca    00000008     rtsv7M4_T_le_eabi.lib : s_copysign.obj (.text)
                  20007ad2    00000006     driverlib.a : utils.obj (.text:UtilsDelay)
                  20007ad8    00000004     rtsv7M4_T_le_eabi.lib : pre_init.obj (.text)

.const     0    20007adc    00000400     
                  20007adc    00000101     rtsv7M4_T_le_eabi.lib : ctype.obj (.const:.string:_ctypes_)
                  20007bdd    00000003     --HOLE-- [fill = 0]
                  20007be0    00000100     driverlib.a : pin.obj (.const:g_ulPinToPadMap)
                  20007ce0    000000d4                 : interrupt.obj (.const:g_pulRegs)
                  20007db4    000000a8                 : prcm.obj (.const:PRCM_PeriphRegsList)
                  20007e5c    00000080                 : interrupt.obj (.const)

.cinit     0    20007ee0    00000040     
                  20007ee0    0000001c     (.cinit..data.load) [load image, compression = lzss]
                  20007efc    0000000c     (__TI_handler_table)
                  20007f08    00000008     (.cinit..bss.load) [load image, compression = zero_init]
                  20007f10    00000010     (__TI_cinit_table)

.sysmem    0    20017000    00008000     UNINITIALIZED
                  20017000    00000008     rtsv7M4_T_le_eabi.lib : memory.obj (.sysmem)
                  20017008    00007ff8     --HOLE--

.bss       0    2001f000    00001905     UNINITIALIZED
                  2001f000    00000a00     (.common:DmaDataDumpPing)
                  2001fa00    00000a00     (.common:DmaDataDumpPong)
                  20020400    00000400     (.common:gpCtlTbl)
                  20020800    00000100     (.common:gfpAppCallbackHndl)
                  20020900    00000004     uart_if.obj (.bss)
                  20020904    00000001     (.common:iDone)

.data      0    20020908    00000028     UNINITIALIZED
                  20020908    0000000c     rtsv7M4_T_le_eabi.lib : exit.obj (.data:$O1$$)
                  20020914    0000000c                           : memory.obj (.data:$O1$$)
                  20020920    00000008                           : _lock.obj (.data:$O1$$)
                  20020928    00000004                           : errno.obj (.data)
                  2002092c    00000004                           : stkdepth_vars.obj (.data)

.stack     0    2002f000    00001000     UNINITIALIZED
                  2002f000    00001000     --HOLE--

MODULE SUMMARY

       Module                     code    ro data   rw data
       ------                     ----    -------   -------
    .\
       main.obj                   716     0         5120   
       udma_if.obj                460     0         1281   
       startup_ccs.obj            14      1024      0      
       uart_if.obj                640     0         4      
       pinmux.obj                 28      0         0      
    +--+--------------------------+-------+---------+---------+
       Total:                     1858    1024      6405   
                                                           
    C:/ti/CC3200SDK_1.3.0/cc3200-sdk/driverlib/ccs/Release/driverlib.a
       prcm.obj                   800     168       0      
       udma.obj                   864     0         0      
       interrupt.obj              520     340       0      
       pin.obj                    246     256       0      
       adc.obj                    478     0         0      
       uart.obj                   284     0         0      
       cpu.obj                    20      0         0      
       utils.obj                  6       0         0      
    +--+--------------------------+-------+---------+---------+
       Total:                     3218    764       0      
                                                           
    C:\ti\ccsv7\tools\compiler\ti-cgt-arm_16.9.1.LTS\lib\rtsv7M4_T_le_eabi.lib
       _printfi.obj               4386    0         0      
       memory.obj                 976     0         12     
       ull_div_t2.obj             500     0         0      
       fd_add_t2.obj              438     0         0      
       fd_div_t2.obj              310     0         0      
       fd_cmp_t2.obj              268     0         0      
       ctype.obj                  0       257       0      
       fd_mul_t2.obj              252     0         0      
       s_scalbn.obj               208     0         0      
       memcpy_t2.obj              156     0         0      
       vsnprintf.obj              136     0         0      
       memset_t2.obj              122     0         0      
       autoinit.obj               112     0         0      
       fd_tos_t2.obj              110     0         0      
       copy_decompress_lzss.obj   104     0         0      
       exit.obj                   84      0         12     
       s_frexp.obj                92      0         0      
       ltoa.obj                   84      0         0      
       atoi.obj                   76      0         0      
       cpy_tbl.obj                76      0         0      
       fd_toi_t2.obj              72      0         0      
       boot.obj                   64      0         0      
       fs_tod_t2.obj              56      0         0      
       i_tofd_t2.obj              46      0         0      
       memmov.obj                 36      0         0      
       u_tofs_t2.obj              36      0         0      
       _lock.obj                  20      0         8      
       memccpy.obj                28      0         0      
       args_main.obj              24      0         0      
       strchr.obj                 22      0         0      
       strlen.obj                 20      0         0      
       copy_decompress_none.obj   14      0         0      
       copy_zero_init.obj         12      0         0      
       s_copysign.obj             8       0         0      
       errno.obj                  0       0         4      
       pre_init.obj               4       0         0      
       stkdepth_vars.obj          0       0         4      
       mpu_init.obj               2       0         0      
       startup.obj                2       0         0      
    +--+--------------------------+-------+---------+---------+
       Total:                     8956    257       40     
                                                           
       Heap:                      0       0         32768  
       Stack:                     0       0         4096   
       Linker Generated:          0       64        0      
    +--+--------------------------+-------+---------+---------+
       Grand Total:               14032   2109      43309  


LINKER GENERATED COPY TABLES

__TI_cinit_table @ 20007f10 records: 2, size/record: 8, table size: 16
	.data: load addr=20007ee0, load size=0000001c bytes, run addr=20020908, run size=00000028 bytes, compression=lzss
	.bss: load addr=20007f08, load size=00000008 bytes, run addr=2001f000, run size=00001905 bytes, compression=zero_init


LINKER GENERATED HANDLER TABLE

__TI_handler_table @ 20007efc records: 3, size/record: 4, table size: 12
	index: 0, handler: __TI_decompress_lzss
	index: 1, handler: __TI_decompress_none
	index: 2, handler: __TI_zero_init


GLOBAL SYMBOLS: SORTED ALPHABETICALLY BY Name 

address   name                           
-------   ----                           
2000763d  ADCChannelEnable               
20007675  ADCDMAEnable                   
200079b5  ADCEnable                      
200071e1  ADCIntClear                    
20006f91  ADCIntEnable                   
2000594d  ADCIntHandler                  
20007585  ADCIntRegister                 
20007129  ADCIntStatus                   
200072e5  C$$EXIT                        
200079c9  CPUcpsie                       
20005c01  ClearTerm                      
2001f000  DmaDataDumpPing                
2001fa00  DmaDataDumpPong                
2000604b  DmaErrorIntHandler             
20006035  DmaSwIntHandler                
20005c0b  Error                          
20005c43  GetCmd                         
20005a43  InitAdcDma                     
20005bc1  InitTerm                       
20006925  IntDisable                     
200069cd  IntEnable                      
20007ac1  IntMasterEnable                
20007291  IntPrioritySet                 
20007829  IntRegister                    
20007799  IntUnregister                  
200079dd  IntVTableBaseSet               
20005bdf  Message                        
200063b9  PRCMCC3200MCUInit              
2000795d  PRCMHIBRegRead                 
20007973  PRCMHIBRegWrite                
20007771  PRCMPeripheralClkDisable       
200075c5  PRCMPeripheralClkEnable        
20006b11  PRCMPeripheralClockGet         
20007239  PRCMPeripheralReset            
20007745  PRCMSysResetCauseGet           
20006ba5  PinConfigSet                   
20007505  PinModeSet                     
20007883  PinMuxConfig                   
200079f1  PinTypeADC                     
20007911  PinTypeUART                    
20005d81  Report                         
20007a75  ResetISR                       
UNDEFED   SHT$$INIT_ARRAY$$Base          
UNDEFED   SHT$$INIT_ARRAY$$Limit         
20005ce9  TrimSpace                      
20007867  UARTCharGetNonBlocking         
20007849  UARTCharPut                    
2000792b  UARTCharsAvail                 
20006e3b  UARTConfigSetExpClk            
200076e5  UARTDisable                    
200077bd  UARTEnable                     
200060bf  UDMAChannelSelect              
20006193  UDMADeInit                     
20006057  UDMAInit                       
200060ed  UDMASetupAutoMemTransfer       
20006121  UDMASetupPingPongTransfer      
200061a7  UDMASetupTransfer              
2000617b  UDMAStartTransfer              
20006187  UDMAStopTransfer               
20007ad3  UtilsDelay                     
20030000  __STACK_END                    
00001000  __STACK_SIZE                   
00008000  __SYSMEM_SIZE                  
20007f10  __TI_CINIT_Base                
20007f20  __TI_CINIT_Limit               
20007efc  __TI_Handler_Table_Base        
20007f08  __TI_Handler_Table_Limit       
20006eb1  __TI_auto_init                 
20020908  __TI_cleanup_ptr               
20006ff9  __TI_decompress_lzss           
20007a67  __TI_decompress_none           
2002090c  __TI_dtors_ptr                 
20020910  __TI_enable_exit_profile_output
ffffffff  __TI_pprof_out_hndl            
20004c39  __TI_printfi                   
ffffffff  __TI_prof_data_size            
ffffffff  __TI_prof_data_start           
20007ee0  __TI_static_base__             
20007a83  __TI_zero_init                 
20006cb5  __aeabi_cdcmpeq                
20006cb5  __aeabi_cdcmple                
20006d3b  __aeabi_cdrcmple               
20006f21  __aeabi_d2f                    
200074bd  __aeabi_d2iz                   
2000620b  __aeabi_dadd                   
20006531  __aeabi_ddiv                   
20006667  __aeabi_dmul                   
20006201  __aeabi_dsub                   
200076ad  __aeabi_f2d                    
20007715  __aeabi_i2d                    
20006dc1  __aeabi_memclr                 
20006dc1  __aeabi_memclr4                
20006dc1  __aeabi_memclr8                
20006a75  __aeabi_memcpy                 
20006a75  __aeabi_memcpy4                
20006a75  __aeabi_memcpy8                
20006dc3  __aeabi_memset                 
20006dc3  __aeabi_memset4                
20006dc3  __aeabi_memset8                
20007805  __aeabi_ui2f                   
20005e41  __aeabi_uldivmod               
ffffffff  __binit__                      
ffffffff  __c_args__                     
200063b7  __mpu_init                     
2002f000  __stack                        
20007945  _args_main                     
20007545  _c_int00                       
20007adc  _ctypes_                       
20020920  _lock                          
20007a13  _nop                           
20007a0b  _register_lock                 
20007a05  _register_unlock               
20017000  _sys_memory                    
20006763  _system_post_cinit             
20007ad9  _system_pre_init               
20020924  _unlock                        
200072e9  abort                          
2000738d  atoi                           
ffffffff  binit                          
200058c5  calloc                         
200073d9  copy_in                        
20007acb  copysign                       
20007acb  copysignl                      
20020928  errno                          
200072f1  exit                           
2000560f  free                           
20007185  frexp                          
20007185  frexpl                         
20004000  g_pfnVectors                   
20020800  gfpAppCallbackHndl             
20020400  gpCtlTbl                       
20020904  iDone                          
20006855  ldexp                          
20006855  ldexpl                         
20007339  ltoa                           
20005933  main                           
2002092c  main_func_sp                   
200055a5  malloc                         
200057d9  memalign                       
2000789f  memccpy                        
20006a75  memcpy                         
200077e1  memmove                        
20006dc9  memset                         
20005525  minit                          
200056d1  realloc                        
20006855  scalbn                         
20006855  scalbnl                        
20007989  strchr                         
20007a19  strlen                         
20007425  uDMAChannelAssign              
20007061  uDMAChannelAttributeDisable    
200070c5  uDMAChannelAttributeEnable     
20007601  uDMAChannelControlSet          
200078bd  uDMAChannelDisable             
200078d9  uDMAChannelEnable              
20007471  uDMAChannelModeGet             
200078f5  uDMAChannelRequest             
20006765  uDMAChannelTransferSet         
20007a91  uDMAControlBaseGet             
20007a2d  uDMAControlBaseSet             
20007a9d  uDMADisable                    
20007aa9  uDMAEnable                     
20007a41  uDMAIntClear                   
2000799f  uDMAIntRegister                
20007ab5  uDMAIntStatus                  
20007a55  uDMAIntUnregister              
20006c2d  vsnprintf                      


GLOBAL SYMBOLS: SORTED BY Symbol Address 

address   name                           
-------   ----                           
00001000  __STACK_SIZE                   
00008000  __SYSMEM_SIZE                  
20004000  g_pfnVectors                   
20004c39  __TI_printfi                   
20005525  minit                          
200055a5  malloc                         
2000560f  free                           
200056d1  realloc                        
200057d9  memalign                       
200058c5  calloc                         
20005933  main                           
2000594d  ADCIntHandler                  
20005a43  InitAdcDma                     
20005bc1  InitTerm                       
20005bdf  Message                        
20005c01  ClearTerm                      
20005c0b  Error                          
20005c43  GetCmd                         
20005ce9  TrimSpace                      
20005d81  Report                         
20005e41  __aeabi_uldivmod               
20006035  DmaSwIntHandler                
2000604b  DmaErrorIntHandler             
20006057  UDMAInit                       
200060bf  UDMAChannelSelect              
200060ed  UDMASetupAutoMemTransfer       
20006121  UDMASetupPingPongTransfer      
2000617b  UDMAStartTransfer              
20006187  UDMAStopTransfer               
20006193  UDMADeInit                     
200061a7  UDMASetupTransfer              
20006201  __aeabi_dsub                   
2000620b  __aeabi_dadd                   
200063b7  __mpu_init                     
200063b9  PRCMCC3200MCUInit              
20006531  __aeabi_ddiv                   
20006667  __aeabi_dmul                   
20006763  _system_post_cinit             
20006765  uDMAChannelTransferSet         
20006855  ldexp                          
20006855  ldexpl                         
20006855  scalbn                         
20006855  scalbnl                        
20006925  IntDisable                     
200069cd  IntEnable                      
20006a75  __aeabi_memcpy                 
20006a75  __aeabi_memcpy4                
20006a75  __aeabi_memcpy8                
20006a75  memcpy                         
20006b11  PRCMPeripheralClockGet         
20006ba5  PinConfigSet                   
20006c2d  vsnprintf                      
20006cb5  __aeabi_cdcmpeq                
20006cb5  __aeabi_cdcmple                
20006d3b  __aeabi_cdrcmple               
20006dc1  __aeabi_memclr                 
20006dc1  __aeabi_memclr4                
20006dc1  __aeabi_memclr8                
20006dc3  __aeabi_memset                 
20006dc3  __aeabi_memset4                
20006dc3  __aeabi_memset8                
20006dc9  memset                         
20006e3b  UARTConfigSetExpClk            
20006eb1  __TI_auto_init                 
20006f21  __aeabi_d2f                    
20006f91  ADCIntEnable                   
20006ff9  __TI_decompress_lzss           
20007061  uDMAChannelAttributeDisable    
200070c5  uDMAChannelAttributeEnable     
20007129  ADCIntStatus                   
20007185  frexp                          
20007185  frexpl                         
200071e1  ADCIntClear                    
20007239  PRCMPeripheralReset            
20007291  IntPrioritySet                 
200072e5  C$$EXIT                        
200072e9  abort                          
200072f1  exit                           
20007339  ltoa                           
2000738d  atoi                           
200073d9  copy_in                        
20007425  uDMAChannelAssign              
20007471  uDMAChannelModeGet             
200074bd  __aeabi_d2iz                   
20007505  PinModeSet                     
20007545  _c_int00                       
20007585  ADCIntRegister                 
200075c5  PRCMPeripheralClkEnable        
20007601  uDMAChannelControlSet          
2000763d  ADCChannelEnable               
20007675  ADCDMAEnable                   
200076ad  __aeabi_f2d                    
200076e5  UARTDisable                    
20007715  __aeabi_i2d                    
20007745  PRCMSysResetCauseGet           
20007771  PRCMPeripheralClkDisable       
20007799  IntUnregister                  
200077bd  UARTEnable                     
200077e1  memmove                        
20007805  __aeabi_ui2f                   
20007829  IntRegister                    
20007849  UARTCharPut                    
20007867  UARTCharGetNonBlocking         
20007883  PinMuxConfig                   
2000789f  memccpy                        
200078bd  uDMAChannelDisable             
200078d9  uDMAChannelEnable              
200078f5  uDMAChannelRequest             
20007911  PinTypeUART                    
2000792b  UARTCharsAvail                 
20007945  _args_main                     
2000795d  PRCMHIBRegRead                 
20007973  PRCMHIBRegWrite                
20007989  strchr                         
2000799f  uDMAIntRegister                
200079b5  ADCEnable                      
200079c9  CPUcpsie                       
200079dd  IntVTableBaseSet               
200079f1  PinTypeADC                     
20007a05  _register_unlock               
20007a0b  _register_lock                 
20007a13  _nop                           
20007a19  strlen                         
20007a2d  uDMAControlBaseSet             
20007a41  uDMAIntClear                   
20007a55  uDMAIntUnregister              
20007a67  __TI_decompress_none           
20007a75  ResetISR                       
20007a83  __TI_zero_init                 
20007a91  uDMAControlBaseGet             
20007a9d  uDMADisable                    
20007aa9  uDMAEnable                     
20007ab5  uDMAIntStatus                  
20007ac1  IntMasterEnable                
20007acb  copysign                       
20007acb  copysignl                      
20007ad3  UtilsDelay                     
20007ad9  _system_pre_init               
20007adc  _ctypes_                       
20007ee0  __TI_static_base__             
20007efc  __TI_Handler_Table_Base        
20007f08  __TI_Handler_Table_Limit       
20007f10  __TI_CINIT_Base                
20007f20  __TI_CINIT_Limit               
20017000  _sys_memory                    
2001f000  DmaDataDumpPing                
2001fa00  DmaDataDumpPong                
20020400  gpCtlTbl                       
20020800  gfpAppCallbackHndl             
20020904  iDone                          
20020908  __TI_cleanup_ptr               
2002090c  __TI_dtors_ptr                 
20020910  __TI_enable_exit_profile_output
20020920  _lock                          
20020924  _unlock                        
20020928  errno                          
2002092c  main_func_sp                   
2002f000  __stack                        
20030000  __STACK_END                    
ffffffff  __TI_pprof_out_hndl            
ffffffff  __TI_prof_data_size            
ffffffff  __TI_prof_data_start           
ffffffff  __binit__                      
ffffffff  __c_args__                     
ffffffff  binit                          
UNDEFED   SHT$$INIT_ARRAY$$Base          
UNDEFED   SHT$$INIT_ARRAY$$Limit         

[167 symbols]
