<?xml version="1.0"?>
<link_info>
   <banner>TI ARM Linker PC v16.9.1.LTS</banner>
   <copyright>Copyright (c) 1996-2015 Texas Instruments Incorporated</copyright>
   <link_time>0x59b8dfd5</link_time>
   <link_errors>0x0</link_errors>
   <output_file>adc.out</output_file>
   <entry_point>
      <name>_c_int00</name>
      <address>0x20007545</address>
   </entry_point>
   <input_file_list>
      <input_file id="fl-2">
         <path>.\</path>
         <kind>object</kind>
         <file>adc_userinput.obj</file>
         <name>adc_userinput.obj</name>
      </input_file>
      <input_file id="fl-3">
         <path>.\</path>
         <kind>object</kind>
         <file>main.obj</file>
         <name>main.obj</name>
      </input_file>
      <input_file id="fl-4">
         <path>.\</path>
         <kind>object</kind>
         <file>pinmux.obj</file>
         <name>pinmux.obj</name>
      </input_file>
      <input_file id="fl-5">
         <path>.\</path>
         <kind>object</kind>
         <file>startup_ccs.obj</file>
         <name>startup_ccs.obj</name>
      </input_file>
      <input_file id="fl-6">
         <path>.\</path>
         <kind>object</kind>
         <file>uart_if.obj</file>
         <name>uart_if.obj</name>
      </input_file>
      <input_file id="fl-7">
         <path>.\</path>
         <kind>object</kind>
         <file>udma_if.obj</file>
         <name>udma_if.obj</name>
      </input_file>
      <input_file id="fl-c2">
         <path>C:\ti\ccsv7\tools\compiler\ti-cgt-arm_16.9.1.LTS\lib\</path>
         <kind>archive</kind>
         <file>rtsv7M4_T_le_eabi.lib</file>
         <name>boot.obj</name>
      </input_file>
      <input_file id="fl-c3">
         <path>C:\ti\ccsv7\tools\compiler\ti-cgt-arm_16.9.1.LTS\lib\</path>
         <kind>archive</kind>
         <file>rtsv7M4_T_le_eabi.lib</file>
         <name>copy_decompress_lzss.obj</name>
      </input_file>
      <input_file id="fl-c4">
         <path>C:\ti\ccsv7\tools\compiler\ti-cgt-arm_16.9.1.LTS\lib\</path>
         <kind>archive</kind>
         <file>rtsv7M4_T_le_eabi.lib</file>
         <name>copy_decompress_none.obj</name>
      </input_file>
      <input_file id="fl-c5">
         <path>C:\ti\ccsv7\tools\compiler\ti-cgt-arm_16.9.1.LTS\lib\</path>
         <kind>archive</kind>
         <file>rtsv7M4_T_le_eabi.lib</file>
         <name>copy_zero_init.obj</name>
      </input_file>
      <input_file id="fl-c6">
         <path>C:\ti\ccsv7\tools\compiler\ti-cgt-arm_16.9.1.LTS\lib\</path>
         <kind>archive</kind>
         <file>rtsv7M4_T_le_eabi.lib</file>
         <name>exit.obj</name>
      </input_file>
      <input_file id="fl-c7">
         <path>C:\ti\ccsv7\tools\compiler\ti-cgt-arm_16.9.1.LTS\lib\</path>
         <kind>archive</kind>
         <file>rtsv7M4_T_le_eabi.lib</file>
         <name>fd_div_t2.obj</name>
      </input_file>
      <input_file id="fl-c8">
         <path>C:\ti\ccsv7\tools\compiler\ti-cgt-arm_16.9.1.LTS\lib\</path>
         <kind>archive</kind>
         <file>rtsv7M4_T_le_eabi.lib</file>
         <name>fd_mul_t2.obj</name>
      </input_file>
      <input_file id="fl-c9">
         <path>C:\ti\ccsv7\tools\compiler\ti-cgt-arm_16.9.1.LTS\lib\</path>
         <kind>archive</kind>
         <file>rtsv7M4_T_le_eabi.lib</file>
         <name>fd_tos_t2.obj</name>
      </input_file>
      <input_file id="fl-ca">
         <path>C:\ti\ccsv7\tools\compiler\ti-cgt-arm_16.9.1.LTS\lib\</path>
         <kind>archive</kind>
         <file>rtsv7M4_T_le_eabi.lib</file>
         <name>fs_tod_t2.obj</name>
      </input_file>
      <input_file id="fl-cb">
         <path>C:\ti\ccsv7\tools\compiler\ti-cgt-arm_16.9.1.LTS\lib\</path>
         <kind>archive</kind>
         <file>rtsv7M4_T_le_eabi.lib</file>
         <name>memcpy_t2.obj</name>
      </input_file>
      <input_file id="fl-cc">
         <path>C:\ti\ccsv7\tools\compiler\ti-cgt-arm_16.9.1.LTS\lib\</path>
         <kind>archive</kind>
         <file>rtsv7M4_T_le_eabi.lib</file>
         <name>memmov.obj</name>
      </input_file>
      <input_file id="fl-cd">
         <path>C:\ti\ccsv7\tools\compiler\ti-cgt-arm_16.9.1.LTS\lib\</path>
         <kind>archive</kind>
         <file>rtsv7M4_T_le_eabi.lib</file>
         <name>memory.obj</name>
      </input_file>
      <input_file id="fl-ce">
         <path>C:\ti\ccsv7\tools\compiler\ti-cgt-arm_16.9.1.LTS\lib\</path>
         <kind>archive</kind>
         <file>rtsv7M4_T_le_eabi.lib</file>
         <name>memset_t2.obj</name>
      </input_file>
      <input_file id="fl-cf">
         <path>C:\ti\ccsv7\tools\compiler\ti-cgt-arm_16.9.1.LTS\lib\</path>
         <kind>archive</kind>
         <file>rtsv7M4_T_le_eabi.lib</file>
         <name>mpu_init.obj</name>
      </input_file>
      <input_file id="fl-d0">
         <path>C:\ti\ccsv7\tools\compiler\ti-cgt-arm_16.9.1.LTS\lib\</path>
         <kind>archive</kind>
         <file>rtsv7M4_T_le_eabi.lib</file>
         <name>pre_init.obj</name>
      </input_file>
      <input_file id="fl-d1">
         <path>C:\ti\ccsv7\tools\compiler\ti-cgt-arm_16.9.1.LTS\lib\</path>
         <kind>archive</kind>
         <file>rtsv7M4_T_le_eabi.lib</file>
         <name>stkdepth_vars.obj</name>
      </input_file>
      <input_file id="fl-d2">
         <path>C:\ti\ccsv7\tools\compiler\ti-cgt-arm_16.9.1.LTS\lib\</path>
         <kind>archive</kind>
         <file>rtsv7M4_T_le_eabi.lib</file>
         <name>strcmp.obj</name>
      </input_file>
      <input_file id="fl-d3">
         <path>C:\ti\ccsv7\tools\compiler\ti-cgt-arm_16.9.1.LTS\lib\</path>
         <kind>archive</kind>
         <file>rtsv7M4_T_le_eabi.lib</file>
         <name>strlen.obj</name>
      </input_file>
      <input_file id="fl-d4">
         <path>C:\ti\ccsv7\tools\compiler\ti-cgt-arm_16.9.1.LTS\lib\</path>
         <kind>archive</kind>
         <file>rtsv7M4_T_le_eabi.lib</file>
         <name>strtok.obj</name>
      </input_file>
      <input_file id="fl-d5">
         <path>C:\ti\ccsv7\tools\compiler\ti-cgt-arm_16.9.1.LTS\lib\</path>
         <kind>archive</kind>
         <file>rtsv7M4_T_le_eabi.lib</file>
         <name>u_tofs_t2.obj</name>
      </input_file>
      <input_file id="fl-d6">
         <path>C:\ti\ccsv7\tools\compiler\ti-cgt-arm_16.9.1.LTS\lib\</path>
         <kind>archive</kind>
         <file>rtsv7M4_T_le_eabi.lib</file>
         <name>vsnprintf.obj</name>
      </input_file>
      <input_file id="fl-d7">
         <path>C:\ti\ccsv7\tools\compiler\ti-cgt-arm_16.9.1.LTS\lib\</path>
         <kind>archive</kind>
         <file>rtsv7M4_T_le_eabi.lib</file>
         <name>_lock.obj</name>
      </input_file>
      <input_file id="fl-d8">
         <path>C:\ti\ccsv7\tools\compiler\ti-cgt-arm_16.9.1.LTS\lib\</path>
         <kind>archive</kind>
         <file>rtsv7M4_T_le_eabi.lib</file>
         <name>_printfi.obj</name>
      </input_file>
      <input_file id="fl-d9">
         <path>C:\ti\ccsv7\tools\compiler\ti-cgt-arm_16.9.1.LTS\lib\</path>
         <kind>archive</kind>
         <file>rtsv7M4_T_le_eabi.lib</file>
         <name>args_main.obj</name>
      </input_file>
      <input_file id="fl-da">
         <path>C:\ti\ccsv7\tools\compiler\ti-cgt-arm_16.9.1.LTS\lib\</path>
         <kind>archive</kind>
         <file>rtsv7M4_T_le_eabi.lib</file>
         <name>atoi.obj</name>
      </input_file>
      <input_file id="fl-db">
         <path>C:\ti\ccsv7\tools\compiler\ti-cgt-arm_16.9.1.LTS\lib\</path>
         <kind>archive</kind>
         <file>rtsv7M4_T_le_eabi.lib</file>
         <name>autoinit.obj</name>
      </input_file>
      <input_file id="fl-dc">
         <path>C:\ti\ccsv7\tools\compiler\ti-cgt-arm_16.9.1.LTS\lib\</path>
         <kind>archive</kind>
         <file>rtsv7M4_T_le_eabi.lib</file>
         <name>cpy_tbl.obj</name>
      </input_file>
      <input_file id="fl-dd">
         <path>C:\ti\ccsv7\tools\compiler\ti-cgt-arm_16.9.1.LTS\lib\</path>
         <kind>archive</kind>
         <file>rtsv7M4_T_le_eabi.lib</file>
         <name>ctype.obj</name>
      </input_file>
      <input_file id="fl-de">
         <path>C:\ti\ccsv7\tools\compiler\ti-cgt-arm_16.9.1.LTS\lib\</path>
         <kind>archive</kind>
         <file>rtsv7M4_T_le_eabi.lib</file>
         <name>fd_add_t2.obj</name>
      </input_file>
      <input_file id="fl-df">
         <path>C:\ti\ccsv7\tools\compiler\ti-cgt-arm_16.9.1.LTS\lib\</path>
         <kind>archive</kind>
         <file>rtsv7M4_T_le_eabi.lib</file>
         <name>fd_cmp_t2.obj</name>
      </input_file>
      <input_file id="fl-e0">
         <path>C:\ti\ccsv7\tools\compiler\ti-cgt-arm_16.9.1.LTS\lib\</path>
         <kind>archive</kind>
         <file>rtsv7M4_T_le_eabi.lib</file>
         <name>fd_toi_t2.obj</name>
      </input_file>
      <input_file id="fl-e1">
         <path>C:\ti\ccsv7\tools\compiler\ti-cgt-arm_16.9.1.LTS\lib\</path>
         <kind>archive</kind>
         <file>rtsv7M4_T_le_eabi.lib</file>
         <name>i_tofd_t2.obj</name>
      </input_file>
      <input_file id="fl-e2">
         <path>C:\ti\ccsv7\tools\compiler\ti-cgt-arm_16.9.1.LTS\lib\</path>
         <kind>archive</kind>
         <file>rtsv7M4_T_le_eabi.lib</file>
         <name>ltoa.obj</name>
      </input_file>
      <input_file id="fl-e3">
         <path>C:\ti\ccsv7\tools\compiler\ti-cgt-arm_16.9.1.LTS\lib\</path>
         <kind>archive</kind>
         <file>rtsv7M4_T_le_eabi.lib</file>
         <name>memccpy.obj</name>
      </input_file>
      <input_file id="fl-e4">
         <path>C:\ti\ccsv7\tools\compiler\ti-cgt-arm_16.9.1.LTS\lib\</path>
         <kind>archive</kind>
         <file>rtsv7M4_T_le_eabi.lib</file>
         <name>s_frexp.obj</name>
      </input_file>
      <input_file id="fl-e5">
         <path>C:\ti\ccsv7\tools\compiler\ti-cgt-arm_16.9.1.LTS\lib\</path>
         <kind>archive</kind>
         <file>rtsv7M4_T_le_eabi.lib</file>
         <name>s_scalbn.obj</name>
      </input_file>
      <input_file id="fl-e6">
         <path>C:\ti\ccsv7\tools\compiler\ti-cgt-arm_16.9.1.LTS\lib\</path>
         <kind>archive</kind>
         <file>rtsv7M4_T_le_eabi.lib</file>
         <name>startup.obj</name>
      </input_file>
      <input_file id="fl-e7">
         <path>C:\ti\ccsv7\tools\compiler\ti-cgt-arm_16.9.1.LTS\lib\</path>
         <kind>archive</kind>
         <file>rtsv7M4_T_le_eabi.lib</file>
         <name>strchr.obj</name>
      </input_file>
      <input_file id="fl-e8">
         <path>C:\ti\ccsv7\tools\compiler\ti-cgt-arm_16.9.1.LTS\lib\</path>
         <kind>archive</kind>
         <file>rtsv7M4_T_le_eabi.lib</file>
         <name>strcspn.obj</name>
      </input_file>
      <input_file id="fl-e9">
         <path>C:\ti\ccsv7\tools\compiler\ti-cgt-arm_16.9.1.LTS\lib\</path>
         <kind>archive</kind>
         <file>rtsv7M4_T_le_eabi.lib</file>
         <name>strspn.obj</name>
      </input_file>
      <input_file id="fl-ea">
         <path>C:\ti\ccsv7\tools\compiler\ti-cgt-arm_16.9.1.LTS\lib\</path>
         <kind>archive</kind>
         <file>rtsv7M4_T_le_eabi.lib</file>
         <name>ull_div_t2.obj</name>
      </input_file>
      <input_file id="fl-eb">
         <path>C:\ti\ccsv7\tools\compiler\ti-cgt-arm_16.9.1.LTS\lib\</path>
         <kind>archive</kind>
         <file>rtsv7M4_T_le_eabi.lib</file>
         <name>errno.obj</name>
      </input_file>
      <input_file id="fl-ec">
         <path>C:\ti\ccsv7\tools\compiler\ti-cgt-arm_16.9.1.LTS\lib\</path>
         <kind>archive</kind>
         <file>rtsv7M4_T_le_eabi.lib</file>
         <name>s_copysign.obj</name>
      </input_file>
      <input_file id="fl-ed">
         <path>C:\ti\CC3200SDK_1.3.0\cc3200-sdk\driverlib\ccs\Release\</path>
         <kind>archive</kind>
         <file>driverlib.a</file>
         <name>adc.obj</name>
      </input_file>
      <input_file id="fl-ee">
         <path>C:\ti\CC3200SDK_1.3.0\cc3200-sdk\driverlib\ccs\Release\</path>
         <kind>archive</kind>
         <file>driverlib.a</file>
         <name>interrupt.obj</name>
      </input_file>
      <input_file id="fl-ef">
         <path>C:\ti\CC3200SDK_1.3.0\cc3200-sdk\driverlib\ccs\Release\</path>
         <kind>archive</kind>
         <file>driverlib.a</file>
         <name>pin.obj</name>
      </input_file>
      <input_file id="fl-f0">
         <path>C:\ti\CC3200SDK_1.3.0\cc3200-sdk\driverlib\ccs\Release\</path>
         <kind>archive</kind>
         <file>driverlib.a</file>
         <name>prcm.obj</name>
      </input_file>
      <input_file id="fl-f1">
         <path>C:\ti\CC3200SDK_1.3.0\cc3200-sdk\driverlib\ccs\Release\</path>
         <kind>archive</kind>
         <file>driverlib.a</file>
         <name>uart.obj</name>
      </input_file>
      <input_file id="fl-f2">
         <path>C:\ti\CC3200SDK_1.3.0\cc3200-sdk\driverlib\ccs\Release\</path>
         <kind>archive</kind>
         <file>driverlib.a</file>
         <name>udma.obj</name>
      </input_file>
      <input_file id="fl-f3">
         <path>C:\ti\CC3200SDK_1.3.0\cc3200-sdk\driverlib\ccs\Release\</path>
         <kind>archive</kind>
         <file>driverlib.a</file>
         <name>utils.obj</name>
      </input_file>
      <input_file id="fl-f4">
         <path>C:\ti\CC3200SDK_1.3.0\cc3200-sdk\driverlib\ccs\Release\</path>
         <kind>archive</kind>
         <file>driverlib.a</file>
         <name>cpu.obj</name>
      </input_file>
      <input_file id="fl-f5">
         <path>C:\ti\CC3200SDK_1.3.0\cc3200-sdk\driverlib\ccs\Release\</path>
         <kind>archive</kind>
         <file>driverlib.a</file>
         <name>flash.obj</name>
      </input_file>
   </input_file_list>
   <object_component_list>
      <object_component id="oc-f">
         <name>.intvecs</name>
         <load_address>0x20004000</load_address>
         <run_address>0x20004000</run_address>
         <size>0x400</size>
         <input_file_ref idref="fl-5"/>
      </object_component>
      <object_component id="oc-2a7">
         <name>.text</name>
         <load_address>0x20004400</load_address>
         <run_address>0x20004400</run_address>
         <size>0x1122</size>
         <input_file_ref idref="fl-d8"/>
      </object_component>
      <object_component id="oc-371">
         <name>.text:IntDefaultHandler</name>
         <load_address>0x20005522</load_address>
         <run_address>0x20005522</run_address>
         <size>0x2</size>
         <input_file_ref idref="fl-ee"/>
      </object_component>
      <object_component id="oc-1be">
         <name>.text</name>
         <load_address>0x20005524</load_address>
         <run_address>0x20005524</run_address>
         <size>0x3d0</size>
         <input_file_ref idref="fl-cd"/>
      </object_component>
      <object_component id="oc-a8">
         <name>.text</name>
         <load_address>0x200058f4</load_address>
         <run_address>0x200058f4</run_address>
         <size>0x2cc</size>
         <input_file_ref idref="fl-3"/>
      </object_component>
      <object_component id="oc-dd">
         <name>.text</name>
         <load_address>0x20005bc0</load_address>
         <run_address>0x20005bc0</run_address>
         <size>0x280</size>
         <input_file_ref idref="fl-6"/>
      </object_component>
      <object_component id="oc-30c">
         <name>.text</name>
         <load_address>0x20005e40</load_address>
         <run_address>0x20005e40</run_address>
         <size>0x1f4</size>
         <input_file_ref idref="fl-ea"/>
      </object_component>
      <object_component id="oc-138">
         <name>.text</name>
         <load_address>0x20006034</load_address>
         <run_address>0x20006034</run_address>
         <size>0x1cc</size>
         <input_file_ref idref="fl-7"/>
      </object_component>
      <object_component id="oc-32b">
         <name>.text</name>
         <load_address>0x20006200</load_address>
         <run_address>0x20006200</run_address>
         <size>0x1b6</size>
         <input_file_ref idref="fl-de"/>
      </object_component>
      <object_component id="oc-59">
         <name>.text</name>
         <load_address>0x200063b6</load_address>
         <run_address>0x200063b6</run_address>
         <size>0x2</size>
         <input_file_ref idref="fl-cf"/>
      </object_component>
      <object_component id="oc-f5">
         <name>.text:PRCMCC3200MCUInit</name>
         <load_address>0x200063b8</load_address>
         <run_address>0x200063b8</run_address>
         <size>0x178</size>
         <input_file_ref idref="fl-f0"/>
      </object_component>
      <object_component id="oc-12e">
         <name>.text</name>
         <load_address>0x20006530</load_address>
         <run_address>0x20006530</run_address>
         <size>0x136</size>
         <input_file_ref idref="fl-c7"/>
      </object_component>
      <object_component id="oc-129">
         <name>.text</name>
         <load_address>0x20006666</load_address>
         <run_address>0x20006666</run_address>
         <size>0xfc</size>
         <input_file_ref idref="fl-c8"/>
      </object_component>
      <object_component id="oc-a0">
         <name>.text</name>
         <load_address>0x20006762</load_address>
         <run_address>0x20006762</run_address>
         <size>0x2</size>
         <input_file_ref idref="fl-e6"/>
      </object_component>
      <object_component id="oc-263">
         <name>.text:uDMAChannelTransferSet</name>
         <load_address>0x20006764</load_address>
         <run_address>0x20006764</run_address>
         <size>0xf0</size>
         <input_file_ref idref="fl-f2"/>
      </object_component>
      <object_component id="oc-336">
         <name>.text</name>
         <load_address>0x20006854</load_address>
         <run_address>0x20006854</run_address>
         <size>0xd0</size>
         <input_file_ref idref="fl-e5"/>
      </object_component>
      <object_component id="oc-2eb">
         <name>.text:IntDisable</name>
         <load_address>0x20006924</load_address>
         <run_address>0x20006924</run_address>
         <size>0xa8</size>
         <input_file_ref idref="fl-ee"/>
      </object_component>
      <object_component id="oc-ef">
         <name>.text:IntEnable</name>
         <load_address>0x200069cc</load_address>
         <run_address>0x200069cc</run_address>
         <size>0xa8</size>
         <input_file_ref idref="fl-ee"/>
      </object_component>
      <object_component id="oc-41">
         <name>.text</name>
         <load_address>0x20006a74</load_address>
         <run_address>0x20006a74</run_address>
         <size>0x9c</size>
         <input_file_ref idref="fl-cb"/>
      </object_component>
      <object_component id="oc-18e">
         <name>.text:PRCMPeripheralClockGet</name>
         <load_address>0x20006b10</load_address>
         <run_address>0x20006b10</run_address>
         <size>0x94</size>
         <input_file_ref idref="fl-f0"/>
      </object_component>
      <object_component id="oc-27a">
         <name>.text:PinConfigSet</name>
         <load_address>0x20006ba4</load_address>
         <run_address>0x20006ba4</run_address>
         <size>0x88</size>
         <input_file_ref idref="fl-ef"/>
      </object_component>
      <object_component id="oc-1a0">
         <name>.text</name>
         <load_address>0x20006c2c</load_address>
         <run_address>0x20006c2c</run_address>
         <size>0x88</size>
         <input_file_ref idref="fl-d6"/>
      </object_component>
      <object_component id="oc-311">
         <name>.text:__aeabi_cdcmple</name>
         <load_address>0x20006cb4</load_address>
         <run_address>0x20006cb4</run_address>
         <size>0x86</size>
         <input_file_ref idref="fl-df"/>
      </object_component>
      <object_component id="oc-316">
         <name>.text:__aeabi_cdrcmple</name>
         <load_address>0x20006d3a</load_address>
         <run_address>0x20006d3a</run_address>
         <size>0x86</size>
         <input_file_ref idref="fl-df"/>
      </object_component>
      <object_component id="oc-4d">
         <name>.text</name>
         <load_address>0x20006dc0</load_address>
         <run_address>0x20006dc0</run_address>
         <size>0x7a</size>
         <input_file_ref idref="fl-ce"/>
      </object_component>
      <object_component id="oc-194">
         <name>.text:UARTConfigSetExpClk</name>
         <load_address>0x20006e3a</load_address>
         <run_address>0x20006e3a</run_address>
         <size>0x76</size>
         <input_file_ref idref="fl-f1"/>
      </object_component>
      <object_component id="oc-65">
         <name>.text</name>
         <load_address>0x20006eb0</load_address>
         <run_address>0x20006eb0</run_address>
         <size>0x70</size>
         <input_file_ref idref="fl-db"/>
      </object_component>
      <object_component id="oc-133">
         <name>.text</name>
         <load_address>0x20006f20</load_address>
         <run_address>0x20006f20</run_address>
         <size>0x6e</size>
         <input_file_ref idref="fl-c9"/>
      </object_component>
      <object_component id="oc-156">
         <name>.text:ADCIntEnable</name>
         <load_address>0x20006f90</load_address>
         <run_address>0x20006f90</run_address>
         <size>0x68</size>
         <input_file_ref idref="fl-ed"/>
      </object_component>
      <object_component id="oc-12">
         <name>.text:decompress:lzss</name>
         <load_address>0x20006ff8</load_address>
         <run_address>0x20006ff8</run_address>
         <size>0x68</size>
         <input_file_ref idref="fl-c3"/>
      </object_component>
      <object_component id="oc-23f">
         <name>.text:uDMAChannelAttributeDisable</name>
         <load_address>0x20007060</load_address>
         <run_address>0x20007060</run_address>
         <size>0x64</size>
         <input_file_ref idref="fl-f2"/>
      </object_component>
      <object_component id="oc-25d">
         <name>.text:uDMAChannelAttributeEnable</name>
         <load_address>0x200070c4</load_address>
         <run_address>0x200070c4</run_address>
         <size>0x64</size>
         <input_file_ref idref="fl-f2"/>
      </object_component>
      <object_component id="oc-101">
         <name>.text:ADCIntStatus</name>
         <load_address>0x20007128</load_address>
         <run_address>0x20007128</run_address>
         <size>0x5c</size>
         <input_file_ref idref="fl-ed"/>
      </object_component>
      <object_component id="oc-330">
         <name>.text</name>
         <load_address>0x20007184</load_address>
         <run_address>0x20007184</run_address>
         <size>0x5c</size>
         <input_file_ref idref="fl-e4"/>
      </object_component>
      <object_component id="oc-107">
         <name>.text:ADCIntClear</name>
         <load_address>0x200071e0</load_address>
         <run_address>0x200071e0</run_address>
         <size>0x58</size>
         <input_file_ref idref="fl-ed"/>
      </object_component>
      <object_component id="oc-1fc">
         <name>.text:PRCMPeripheralReset</name>
         <load_address>0x20007238</load_address>
         <run_address>0x20007238</run_address>
         <size>0x58</size>
         <input_file_ref idref="fl-f0"/>
      </object_component>
      <object_component id="oc-227">
         <name>.text:IntPrioritySet</name>
         <load_address>0x20007290</load_address>
         <run_address>0x20007290</run_address>
         <size>0x54</size>
         <input_file_ref idref="fl-ee"/>
      </object_component>
      <object_component id="oc-71">
         <name>.text</name>
         <load_address>0x200072e4</load_address>
         <run_address>0x200072e4</run_address>
         <size>0x54</size>
         <input_file_ref idref="fl-c6"/>
      </object_component>
      <object_component id="oc-320">
         <name>.text</name>
         <load_address>0x20007338</load_address>
         <run_address>0x20007338</run_address>
         <size>0x54</size>
         <input_file_ref idref="fl-e2"/>
      </object_component>
      <object_component id="oc-342">
         <name>.text</name>
         <load_address>0x2000738c</load_address>
         <run_address>0x2000738c</run_address>
         <size>0x4c</size>
         <input_file_ref idref="fl-da"/>
      </object_component>
      <object_component id="oc-9a">
         <name>.text</name>
         <load_address>0x200073d8</load_address>
         <run_address>0x200073d8</run_address>
         <size>0x4c</size>
         <input_file_ref idref="fl-dc"/>
      </object_component>
      <object_component id="oc-144">
         <name>.text:uDMAChannelAssign</name>
         <load_address>0x20007424</load_address>
         <run_address>0x20007424</run_address>
         <size>0x4c</size>
         <input_file_ref idref="fl-f2"/>
      </object_component>
      <object_component id="oc-10d">
         <name>.text:uDMAChannelModeGet</name>
         <load_address>0x20007470</load_address>
         <run_address>0x20007470</run_address>
         <size>0x4c</size>
         <input_file_ref idref="fl-f2"/>
      </object_component>
      <object_component id="oc-31b">
         <name>.text</name>
         <load_address>0x200074bc</load_address>
         <run_address>0x200074bc</run_address>
         <size>0x48</size>
         <input_file_ref idref="fl-e0"/>
      </object_component>
      <object_component id="oc-2d6">
         <name>.text:PinModeSet</name>
         <load_address>0x20007504</load_address>
         <run_address>0x20007504</run_address>
         <size>0x40</size>
         <input_file_ref idref="fl-ef"/>
      </object_component>
      <object_component id="oc-24">
         <name>.text</name>
         <load_address>0x20007544</load_address>
         <run_address>0x20007544</run_address>
         <size>0x40</size>
         <input_file_ref idref="fl-c2"/>
      </object_component>
      <object_component id="oc-150">
         <name>.text:ADCIntRegister</name>
         <load_address>0x20007584</load_address>
         <run_address>0x20007584</run_address>
         <size>0x3e</size>
         <input_file_ref idref="fl-ed"/>
      </object_component>
      <object_component id="oc-1f6">
         <name>.text:PRCMPeripheralClkEnable</name>
         <load_address>0x200075c4</load_address>
         <run_address>0x200075c4</run_address>
         <size>0x3c</size>
         <input_file_ref idref="fl-f0"/>
      </object_component>
      <object_component id="oc-119">
         <name>.text:uDMAChannelControlSet</name>
         <load_address>0x20007600</load_address>
         <run_address>0x20007600</run_address>
         <size>0x3c</size>
         <input_file_ref idref="fl-f2"/>
      </object_component>
      <object_component id="oc-15c">
         <name>.text:ADCChannelEnable</name>
         <load_address>0x2000763c</load_address>
         <run_address>0x2000763c</run_address>
         <size>0x38</size>
         <input_file_ref idref="fl-ed"/>
      </object_component>
      <object_component id="oc-14a">
         <name>.text:ADCDMAEnable</name>
         <load_address>0x20007674</load_address>
         <run_address>0x20007674</run_address>
         <size>0x38</size>
         <input_file_ref idref="fl-ed"/>
      </object_component>
      <object_component id="oc-124">
         <name>.text</name>
         <load_address>0x200076ac</load_address>
         <run_address>0x200076ac</run_address>
         <size>0x38</size>
         <input_file_ref idref="fl-ca"/>
      </object_component>
      <object_component id="oc-299">
         <name>.text:UARTDisable</name>
         <load_address>0x200076e4</load_address>
         <run_address>0x200076e4</run_address>
         <size>0x30</size>
         <input_file_ref idref="fl-f1"/>
      </object_component>
      <object_component id="oc-326">
         <name>.text</name>
         <load_address>0x20007714</load_address>
         <run_address>0x20007714</run_address>
         <size>0x2e</size>
         <input_file_ref idref="fl-e1"/>
      </object_component>
      <object_component id="oc-1e4">
         <name>.text:PRCMSysResetCauseGet</name>
         <load_address>0x20007744</load_address>
         <run_address>0x20007744</run_address>
         <size>0x2c</size>
         <input_file_ref idref="fl-f0"/>
      </object_component>
      <object_component id="oc-202">
         <name>.text:PRCMPeripheralClkDisable</name>
         <load_address>0x20007770</load_address>
         <run_address>0x20007770</run_address>
         <size>0x28</size>
         <input_file_ref idref="fl-f0"/>
      </object_component>
      <object_component id="oc-2f1">
         <name>.text:IntUnregister</name>
         <load_address>0x20007798</load_address>
         <run_address>0x20007798</run_address>
         <size>0x24</size>
         <input_file_ref idref="fl-ee"/>
      </object_component>
      <object_component id="oc-29f">
         <name>.text:UARTEnable</name>
         <load_address>0x200077bc</load_address>
         <run_address>0x200077bc</run_address>
         <size>0x24</size>
         <input_file_ref idref="fl-f1"/>
      </object_component>
      <object_component id="oc-1b8">
         <name>.text</name>
         <load_address>0x200077e0</load_address>
         <run_address>0x200077e0</run_address>
         <size>0x24</size>
         <input_file_ref idref="fl-cc"/>
      </object_component>
      <object_component id="oc-11f">
         <name>.text</name>
         <load_address>0x20007804</load_address>
         <run_address>0x20007804</run_address>
         <size>0x24</size>
         <input_file_ref idref="fl-d5"/>
      </object_component>
      <object_component id="oc-283">
         <name>.text:IntRegister</name>
         <load_address>0x20007828</load_address>
         <run_address>0x20007828</run_address>
         <size>0x20</size>
         <input_file_ref idref="fl-ee"/>
      </object_component>
      <object_component id="oc-19a">
         <name>.text:UARTCharPut</name>
         <load_address>0x20007848</load_address>
         <run_address>0x20007848</run_address>
         <size>0x1e</size>
         <input_file_ref idref="fl-f1"/>
      </object_component>
      <object_component id="oc-1ac">
         <name>.text:UARTCharGetNonBlocking</name>
         <load_address>0x20007866</load_address>
         <run_address>0x20007866</run_address>
         <size>0x1c</size>
         <input_file_ref idref="fl-f1"/>
      </object_component>
      <object_component id="oc-fb">
         <name>.text</name>
         <load_address>0x20007882</load_address>
         <run_address>0x20007882</run_address>
         <size>0x1c</size>
         <input_file_ref idref="fl-4"/>
      </object_component>
      <object_component id="oc-348">
         <name>.text</name>
         <load_address>0x2000789e</load_address>
         <run_address>0x2000789e</run_address>
         <size>0x1c</size>
         <input_file_ref idref="fl-e3"/>
      </object_component>
      <object_component id="oc-24b">
         <name>.text:uDMAChannelDisable</name>
         <load_address>0x200078bc</load_address>
         <run_address>0x200078bc</run_address>
         <size>0x1c</size>
         <input_file_ref idref="fl-f2"/>
      </object_component>
      <object_component id="oc-269">
         <name>.text:uDMAChannelEnable</name>
         <load_address>0x200078d8</load_address>
         <run_address>0x200078d8</run_address>
         <size>0x1c</size>
         <input_file_ref idref="fl-f2"/>
      </object_component>
      <object_component id="oc-245">
         <name>.text:uDMAChannelRequest</name>
         <load_address>0x200078f4</load_address>
         <run_address>0x200078f4</run_address>
         <size>0x1c</size>
         <input_file_ref idref="fl-f2"/>
      </object_component>
      <object_component id="oc-209">
         <name>.text:PinTypeUART</name>
         <load_address>0x20007910</load_address>
         <run_address>0x20007910</run_address>
         <size>0x1a</size>
         <input_file_ref idref="fl-ef"/>
      </object_component>
      <object_component id="oc-1a6">
         <name>.text:UARTCharsAvail</name>
         <load_address>0x2000792a</load_address>
         <run_address>0x2000792a</run_address>
         <size>0x18</size>
         <input_file_ref idref="fl-f1"/>
      </object_component>
      <object_component id="oc-6b">
         <name>.text</name>
         <load_address>0x20007944</load_address>
         <run_address>0x20007944</run_address>
         <size>0x18</size>
         <input_file_ref idref="fl-d9"/>
      </object_component>
      <object_component id="oc-1ea">
         <name>.text:PRCMHIBRegRead</name>
         <load_address>0x2000795c</load_address>
         <run_address>0x2000795c</run_address>
         <size>0x16</size>
         <input_file_ref idref="fl-f0"/>
      </object_component>
      <object_component id="oc-1f0">
         <name>.text:PRCMHIBRegWrite</name>
         <load_address>0x20007972</load_address>
         <run_address>0x20007972</run_address>
         <size>0x16</size>
         <input_file_ref idref="fl-f0"/>
      </object_component>
      <object_component id="oc-33c">
         <name>.text</name>
         <load_address>0x20007988</load_address>
         <run_address>0x20007988</run_address>
         <size>0x16</size>
         <input_file_ref idref="fl-e7"/>
      </object_component>
      <object_component id="oc-22d">
         <name>.text:uDMAIntRegister</name>
         <load_address>0x2000799e</load_address>
         <run_address>0x2000799e</run_address>
         <size>0x16</size>
         <input_file_ref idref="fl-f2"/>
      </object_component>
      <object_component id="oc-162">
         <name>.text:ADCEnable</name>
         <load_address>0x200079b4</load_address>
         <run_address>0x200079b4</run_address>
         <size>0x14</size>
         <input_file_ref idref="fl-ed"/>
      </object_component>
      <object_component id="oc-1d4">
         <name>.text:CPUcpsie</name>
         <load_address>0x200079c8</load_address>
         <run_address>0x200079c8</run_address>
         <size>0x14</size>
         <input_file_ref idref="fl-f4"/>
      </object_component>
      <object_component id="oc-e3">
         <name>.text:IntVTableBaseSet</name>
         <load_address>0x200079dc</load_address>
         <run_address>0x200079dc</run_address>
         <size>0x14</size>
         <input_file_ref idref="fl-ee"/>
      </object_component>
      <object_component id="oc-13e">
         <name>.text:PinTypeADC</name>
         <load_address>0x200079f0</load_address>
         <run_address>0x200079f0</run_address>
         <size>0x14</size>
         <input_file_ref idref="fl-ef"/>
      </object_component>
      <object_component id="oc-176">
         <name>.text</name>
         <load_address>0x20007a04</load_address>
         <run_address>0x20007a04</run_address>
         <size>0x14</size>
         <input_file_ref idref="fl-d7"/>
      </object_component>
      <object_component id="oc-1b2">
         <name>.text</name>
         <load_address>0x20007a18</load_address>
         <run_address>0x20007a18</run_address>
         <size>0x14</size>
         <input_file_ref idref="fl-d3"/>
      </object_component>
      <object_component id="oc-239">
         <name>.text:uDMAControlBaseSet</name>
         <load_address>0x20007a2c</load_address>
         <run_address>0x20007a2c</run_address>
         <size>0x14</size>
         <input_file_ref idref="fl-f2"/>
      </object_component>
      <object_component id="oc-221">
         <name>.text:uDMAIntClear</name>
         <load_address>0x20007a40</load_address>
         <run_address>0x20007a40</run_address>
         <size>0x14</size>
         <input_file_ref idref="fl-f2"/>
      </object_component>
      <object_component id="oc-251">
         <name>.text:uDMAIntUnregister</name>
         <load_address>0x20007a54</load_address>
         <run_address>0x20007a54</run_address>
         <size>0x12</size>
         <input_file_ref idref="fl-f2"/>
      </object_component>
      <object_component id="oc-18">
         <name>.text:decompress:none</name>
         <load_address>0x20007a66</load_address>
         <run_address>0x20007a66</run_address>
         <size>0xe</size>
         <input_file_ref idref="fl-c4"/>
      </object_component>
      <object_component id="oc-2d">
         <name>.text</name>
         <load_address>0x20007a74</load_address>
         <run_address>0x20007a74</run_address>
         <size>0xe</size>
         <input_file_ref idref="fl-5"/>
      </object_component>
      <object_component id="oc-1e">
         <name>.text:decompress:ZI</name>
         <load_address>0x20007a82</load_address>
         <run_address>0x20007a82</run_address>
         <size>0xc</size>
         <input_file_ref idref="fl-c5"/>
      </object_component>
      <object_component id="oc-113">
         <name>.text:uDMAControlBaseGet</name>
         <load_address>0x20007a90</load_address>
         <run_address>0x20007a90</run_address>
         <size>0xc</size>
         <input_file_ref idref="fl-f2"/>
      </object_component>
      <object_component id="oc-257">
         <name>.text:uDMADisable</name>
         <load_address>0x20007a9c</load_address>
         <run_address>0x20007a9c</run_address>
         <size>0xc</size>
         <input_file_ref idref="fl-f2"/>
      </object_component>
      <object_component id="oc-233">
         <name>.text:uDMAEnable</name>
         <load_address>0x20007aa8</load_address>
         <run_address>0x20007aa8</run_address>
         <size>0xc</size>
         <input_file_ref idref="fl-f2"/>
      </object_component>
      <object_component id="oc-21b">
         <name>.text:uDMAIntStatus</name>
         <load_address>0x20007ab4</load_address>
         <run_address>0x20007ab4</run_address>
         <size>0xc</size>
         <input_file_ref idref="fl-f2"/>
      </object_component>
      <object_component id="oc-e9">
         <name>.text:IntMasterEnable</name>
         <load_address>0x20007ac0</load_address>
         <run_address>0x20007ac0</run_address>
         <size>0xa</size>
         <input_file_ref idref="fl-ee"/>
      </object_component>
      <object_component id="oc-38a">
         <name>.text</name>
         <load_address>0x20007aca</load_address>
         <run_address>0x20007aca</run_address>
         <size>0x8</size>
         <input_file_ref idref="fl-ec"/>
      </object_component>
      <object_component id="oc-2cc">
         <name>.text:UtilsDelay</name>
         <load_address>0x20007ad2</load_address>
         <run_address>0x20007ad2</run_address>
         <size>0x6</size>
         <input_file_ref idref="fl-f3"/>
      </object_component>
      <object_component id="oc-5f">
         <name>.text</name>
         <load_address>0x20007ad8</load_address>
         <run_address>0x20007ad8</run_address>
         <size>0x4</size>
         <input_file_ref idref="fl-d0"/>
      </object_component>
      <object_component id="oc-397">
         <name>.const:.string:_ctypes_</name>
         <load_address>0x20007adc</load_address>
         <run_address>0x20007adc</run_address>
         <size>0x101</size>
         <input_file_ref idref="fl-dd"/>
      </object_component>
      <object_component id="oc-303">
         <name>.const:g_ulPinToPadMap</name>
         <load_address>0x20007be0</load_address>
         <run_address>0x20007be0</run_address>
         <size>0x100</size>
         <input_file_ref idref="fl-ef"/>
      </object_component>
      <object_component id="oc-2e1">
         <name>.const:g_pulRegs</name>
         <load_address>0x20007ce0</load_address>
         <run_address>0x20007ce0</run_address>
         <size>0xd4</size>
         <input_file_ref idref="fl-ee"/>
      </object_component>
      <object_component id="oc-2cf">
         <name>.const:PRCM_PeriphRegsList</name>
         <load_address>0x20007db4</load_address>
         <run_address>0x20007db4</run_address>
         <size>0xa8</size>
         <input_file_ref idref="fl-f0"/>
      </object_component>
      <object_component id="oc-1e0">
         <name>.const</name>
         <load_address>0x20007e5c</load_address>
         <run_address>0x20007e5c</run_address>
         <size>0x80</size>
         <input_file_ref idref="fl-ee"/>
      </object_component>
      <object_component id="oc-3dd">
         <name>.cinit..data.load</name>
         <load_address>0x20007ee0</load_address>
         <run_address>0x20007ee0</run_address>
         <size>0x1c</size>
      </object_component>
      <object_component id="oc-3db">
         <name>__TI_handler_table</name>
         <load_address>0x20007efc</load_address>
         <run_address>0x20007efc</run_address>
         <size>0xc</size>
      </object_component>
      <object_component id="oc-3de">
         <name>.cinit..bss.load</name>
         <load_address>0x20007f08</load_address>
         <run_address>0x20007f08</run_address>
         <size>0x8</size>
      </object_component>
      <object_component id="oc-3dc">
         <name>__TI_cinit_table</name>
         <load_address>0x20007f10</load_address>
         <run_address>0x20007f10</run_address>
         <size>0x10</size>
      </object_component>
      <object_component id="oc-b0">
         <name>.data:$O1$$</name>
         <load_address>0x20020908</load_address>
         <run_address>0x20020908</run_address>
         <size>0xc</size>
         <input_file_ref idref="fl-c6"/>
      </object_component>
      <object_component id="oc-2bf">
         <name>.data:$O1$$</name>
         <load_address>0x20020914</load_address>
         <run_address>0x20020914</run_address>
         <size>0xc</size>
         <input_file_ref idref="fl-cd"/>
      </object_component>
      <object_component id="oc-77">
         <name>.data</name>
         <load_address>0x2002092c</load_address>
         <run_address>0x2002092c</run_address>
         <size>0x4</size>
         <input_file_ref idref="fl-d1"/>
      </object_component>
      <object_component id="oc-b3">
         <name>.data:$O1$$</name>
         <load_address>0x20020920</load_address>
         <run_address>0x20020920</run_address>
         <size>0x8</size>
         <input_file_ref idref="fl-d7"/>
      </object_component>
      <object_component id="oc-390">
         <name>.data</name>
         <load_address>0x20020928</load_address>
         <run_address>0x20020928</run_address>
         <size>0x4</size>
         <input_file_ref idref="fl-eb"/>
      </object_component>
      <object_component id="oc-1c4">
         <name>.bss</name>
         <uninitialized>true</uninitialized>
         <run_address>0x20020900</run_address>
         <size>0x4</size>
         <input_file_ref idref="fl-6"/>
      </object_component>
      <object_component id="oc-168">
         <name>.common:DmaDataDumpPing</name>
         <uninitialized>true</uninitialized>
         <run_address>0x2001f000</run_address>
         <size>0xa00</size>
      </object_component>
      <object_component id="oc-16b">
         <name>.common:DmaDataDumpPong</name>
         <uninitialized>true</uninitialized>
         <run_address>0x2001fa00</run_address>
         <size>0xa00</size>
      </object_component>
      <object_component id="oc-26f">
         <name>.common:iDone</name>
         <uninitialized>true</uninitialized>
         <run_address>0x20020904</run_address>
         <size>0x1</size>
      </object_component>
      <object_component id="oc-273">
         <name>.common:gfpAppCallbackHndl</name>
         <uninitialized>true</uninitialized>
         <run_address>0x20020800</run_address>
         <size>0x100</size>
      </object_component>
      <object_component id="oc-272">
         <name>.common:gpCtlTbl</name>
         <uninitialized>true</uninitialized>
         <run_address>0x20020400</run_address>
         <size>0x400</size>
      </object_component>
      <object_component id="oc-2a">
         <name>.sysmem</name>
         <uninitialized>true</uninitialized>
         <run_address>0x20017000</run_address>
         <size>0x8</size>
         <input_file_ref idref="fl-cd"/>
      </object_component>
      <object_component id="oc-3e0">
         <name>.sysmem</name>
         <uninitialized>true</uninitialized>
         <run_address>0x20017000</run_address>
         <size>0x0</size>
      </object_component>
      <object_component id="oc-29">
         <name>.stack</name>
         <uninitialized>true</uninitialized>
         <run_address>0x2002f000</run_address>
         <size>0x0</size>
         <input_file_ref idref="fl-c2"/>
      </object_component>
      <object_component id="oc-3df">
         <name>.stack</name>
         <uninitialized>true</uninitialized>
         <run_address>0x2002f000</run_address>
         <size>0x0</size>
      </object_component>
      <object_component id="oc-368">
         <name>.debug_info</name>
         <load_address>0x0</load_address>
         <run_address>0x0</run_address>
         <size>0x62</size>
         <input_file_ref idref="fl-2"/>
      </object_component>
      <object_component id="oc-c9">
         <name>.debug_info</name>
         <load_address>0x62</load_address>
         <run_address>0x62</run_address>
         <size>0x8b</size>
         <input_file_ref idref="fl-2"/>
      </object_component>
      <object_component id="oc-1db">
         <name>.debug_info</name>
         <load_address>0xed</load_address>
         <run_address>0xed</run_address>
         <size>0x2c</size>
         <input_file_ref idref="fl-2"/>
      </object_component>
      <object_component id="oc-91">
         <name>.debug_info</name>
         <load_address>0x119</load_address>
         <run_address>0x119</run_address>
         <size>0x2c</size>
         <input_file_ref idref="fl-2"/>
      </object_component>
      <object_component id="oc-169">
         <name>.debug_info</name>
         <load_address>0x145</load_address>
         <run_address>0x145</run_address>
         <size>0x5df</size>
         <input_file_ref idref="fl-3"/>
      </object_component>
      <object_component id="oc-a9">
         <name>.debug_info</name>
         <load_address>0x724</load_address>
         <run_address>0x724</run_address>
         <size>0x671</size>
         <input_file_ref idref="fl-3"/>
      </object_component>
      <object_component id="oc-290">
         <name>.debug_info</name>
         <load_address>0xd95</load_address>
         <run_address>0xd95</run_address>
         <size>0x86</size>
         <input_file_ref idref="fl-3"/>
      </object_component>
      <object_component id="oc-3c">
         <name>.debug_info</name>
         <load_address>0xe1b</load_address>
         <run_address>0xe1b</run_address>
         <size>0x84</size>
         <input_file_ref idref="fl-3"/>
      </object_component>
      <object_component id="oc-275">
         <name>.debug_info</name>
         <load_address>0xe9f</load_address>
         <run_address>0xe9f</run_address>
         <size>0x2c</size>
         <input_file_ref idref="fl-3"/>
      </object_component>
      <object_component id="oc-fc">
         <name>.debug_info</name>
         <load_address>0xecb</load_address>
         <run_address>0xecb</run_address>
         <size>0x139</size>
         <input_file_ref idref="fl-4"/>
      </object_component>
      <object_component id="oc-35">
         <name>.debug_info</name>
         <load_address>0x1004</load_address>
         <run_address>0x1004</run_address>
         <size>0x110</size>
         <input_file_ref idref="fl-5"/>
      </object_component>
      <object_component id="oc-10">
         <name>.debug_info</name>
         <load_address>0x1114</load_address>
         <run_address>0x1114</run_address>
         <size>0xfb</size>
         <input_file_ref idref="fl-5"/>
      </object_component>
      <object_component id="oc-2e">
         <name>.debug_info</name>
         <load_address>0x120f</load_address>
         <run_address>0x120f</run_address>
         <size>0x41c</size>
         <input_file_ref idref="fl-5"/>
      </object_component>
      <object_component id="oc-1c8">
         <name>.debug_info</name>
         <load_address>0x162b</load_address>
         <run_address>0x162b</run_address>
         <size>0x372</size>
         <input_file_ref idref="fl-6"/>
      </object_component>
      <object_component id="oc-1c5">
         <name>.debug_info</name>
         <load_address>0x199d</load_address>
         <run_address>0x199d</run_address>
         <size>0xf2</size>
         <input_file_ref idref="fl-6"/>
      </object_component>
      <object_component id="oc-de">
         <name>.debug_info</name>
         <load_address>0x1a8f</load_address>
         <run_address>0x1a8f</run_address>
         <size>0x8ce</size>
         <input_file_ref idref="fl-6"/>
      </object_component>
      <object_component id="oc-1ce">
         <name>.debug_info</name>
         <load_address>0x235d</load_address>
         <run_address>0x235d</run_address>
         <size>0x110</size>
         <input_file_ref idref="fl-6"/>
      </object_component>
      <object_component id="oc-1c9">
         <name>.debug_info</name>
         <load_address>0x246d</load_address>
         <run_address>0x246d</run_address>
         <size>0x4e</size>
         <input_file_ref idref="fl-6"/>
      </object_component>
      <object_component id="oc-270">
         <name>.debug_info</name>
         <load_address>0x24bb</load_address>
         <run_address>0x24bb</run_address>
         <size>0x56c</size>
         <input_file_ref idref="fl-7"/>
      </object_component>
      <object_component id="oc-139">
         <name>.debug_info</name>
         <load_address>0x2a27</load_address>
         <run_address>0x2a27</run_address>
         <size>0xaf9</size>
         <input_file_ref idref="fl-7"/>
      </object_component>
      <object_component id="oc-2fe">
         <name>.debug_info</name>
         <load_address>0x3520</load_address>
         <run_address>0x3520</run_address>
         <size>0xc8</size>
         <input_file_ref idref="fl-7"/>
      </object_component>
      <object_component id="oc-27">
         <name>.debug_info</name>
         <load_address>0x35e8</load_address>
         <run_address>0x35e8</run_address>
         <size>0x160</size>
         <input_file_ref idref="fl-c2"/>
      </object_component>
      <object_component id="oc-87">
         <name>.debug_info</name>
         <load_address>0x3748</load_address>
         <run_address>0x3748</run_address>
         <size>0xf9</size>
         <input_file_ref idref="fl-c3"/>
      </object_component>
      <object_component id="oc-14">
         <name>.debug_info</name>
         <load_address>0x3841</load_address>
         <run_address>0x3841</run_address>
         <size>0x245</size>
         <input_file_ref idref="fl-c3"/>
      </object_component>
      <object_component id="oc-37">
         <name>.debug_info</name>
         <load_address>0x3a86</load_address>
         <run_address>0x3a86</run_address>
         <size>0x60</size>
         <input_file_ref idref="fl-c3"/>
      </object_component>
      <object_component id="oc-82">
         <name>.debug_info</name>
         <load_address>0x3ae6</load_address>
         <run_address>0x3ae6</run_address>
         <size>0x46</size>
         <input_file_ref idref="fl-c3"/>
      </object_component>
      <object_component id="oc-4c">
         <name>.debug_info</name>
         <load_address>0x3b2c</load_address>
         <run_address>0x3b2c</run_address>
         <size>0x140</size>
         <input_file_ref idref="fl-c4"/>
      </object_component>
      <object_component id="oc-19">
         <name>.debug_info</name>
         <load_address>0x3c6c</load_address>
         <run_address>0x3c6c</run_address>
         <size>0x1df</size>
         <input_file_ref idref="fl-c4"/>
      </object_component>
      <object_component id="oc-47">
         <name>.debug_info</name>
         <load_address>0x3e4b</load_address>
         <run_address>0x3e4b</run_address>
         <size>0x46</size>
         <input_file_ref idref="fl-c4"/>
      </object_component>
      <object_component id="oc-89">
         <name>.debug_info</name>
         <load_address>0x3e91</load_address>
         <run_address>0x3e91</run_address>
         <size>0x2c</size>
         <input_file_ref idref="fl-c4"/>
      </object_component>
      <object_component id="oc-58">
         <name>.debug_info</name>
         <load_address>0x3ebd</load_address>
         <run_address>0x3ebd</run_address>
         <size>0x12f</size>
         <input_file_ref idref="fl-c5"/>
      </object_component>
      <object_component id="oc-22">
         <name>.debug_info</name>
         <load_address>0x3fec</load_address>
         <run_address>0x3fec</run_address>
         <size>0x1aa</size>
         <input_file_ref idref="fl-c5"/>
      </object_component>
      <object_component id="oc-53">
         <name>.debug_info</name>
         <load_address>0x4196</load_address>
         <run_address>0x4196</run_address>
         <size>0x46</size>
         <input_file_ref idref="fl-c5"/>
      </object_component>
      <object_component id="oc-b7">
         <name>.debug_info</name>
         <load_address>0x41dc</load_address>
         <run_address>0x41dc</run_address>
         <size>0x234</size>
         <input_file_ref idref="fl-c6"/>
      </object_component>
      <object_component id="oc-b1">
         <name>.debug_info</name>
         <load_address>0x4410</load_address>
         <run_address>0x4410</run_address>
         <size>0x185</size>
         <input_file_ref idref="fl-c6"/>
      </object_component>
      <object_component id="oc-72">
         <name>.debug_info</name>
         <load_address>0x4595</load_address>
         <run_address>0x4595</run_address>
         <size>0x214</size>
         <input_file_ref idref="fl-c6"/>
      </object_component>
      <object_component id="oc-130">
         <name>.debug_info</name>
         <load_address>0x47a9</load_address>
         <run_address>0x47a9</run_address>
         <size>0x132</size>
         <input_file_ref idref="fl-c7"/>
      </object_component>
      <object_component id="oc-12a">
         <name>.debug_info</name>
         <load_address>0x48db</load_address>
         <run_address>0x48db</run_address>
         <size>0x132</size>
         <input_file_ref idref="fl-c8"/>
      </object_component>
      <object_component id="oc-134">
         <name>.debug_info</name>
         <load_address>0x4a0d</load_address>
         <run_address>0x4a0d</run_address>
         <size>0x136</size>
         <input_file_ref idref="fl-c9"/>
      </object_component>
      <object_component id="oc-125">
         <name>.debug_info</name>
         <load_address>0x4b43</load_address>
         <run_address>0x4b43</run_address>
         <size>0x124</size>
         <input_file_ref idref="fl-ca"/>
      </object_component>
      <object_component id="oc-42">
         <name>.debug_info</name>
         <load_address>0x4c67</load_address>
         <run_address>0x4c67</run_address>
         <size>0x111</size>
         <input_file_ref idref="fl-cb"/>
      </object_component>
      <object_component id="oc-2be">
         <name>.debug_info</name>
         <load_address>0x4d78</load_address>
         <run_address>0x4d78</run_address>
         <size>0x12c</size>
         <input_file_ref idref="fl-cc"/>
      </object_component>
      <object_component id="oc-1b9">
         <name>.debug_info</name>
         <load_address>0x4ea4</load_address>
         <run_address>0x4ea4</run_address>
         <size>0x1ab</size>
         <input_file_ref idref="fl-cc"/>
      </object_component>
      <object_component id="oc-7d">
         <name>.debug_info</name>
         <load_address>0x504f</load_address>
         <run_address>0x504f</run_address>
         <size>0x222</size>
         <input_file_ref idref="fl-cd"/>
      </object_component>
      <object_component id="oc-2b">
         <name>.debug_info</name>
         <load_address>0x5271</load_address>
         <run_address>0x5271</run_address>
         <size>0x101</size>
         <input_file_ref idref="fl-cd"/>
      </object_component>
      <object_component id="oc-2c0">
         <name>.debug_info</name>
         <load_address>0x5372</load_address>
         <run_address>0x5372</run_address>
         <size>0x14c</size>
         <input_file_ref idref="fl-cd"/>
      </object_component>
      <object_component id="oc-1bf">
         <name>.debug_info</name>
         <load_address>0x54be</load_address>
         <run_address>0x54be</run_address>
         <size>0x885</size>
         <input_file_ref idref="fl-cd"/>
      </object_component>
      <object_component id="oc-bd">
         <name>.debug_info</name>
         <load_address>0x5d43</load_address>
         <run_address>0x5d43</run_address>
         <size>0x2c</size>
         <input_file_ref idref="fl-cd"/>
      </object_component>
      <object_component id="oc-c2">
         <name>.debug_info</name>
         <load_address>0x5d6f</load_address>
         <run_address>0x5d6f</run_address>
         <size>0x62</size>
         <input_file_ref idref="fl-cd"/>
      </object_component>
      <object_component id="oc-4e">
         <name>.debug_info</name>
         <load_address>0x5dd1</load_address>
         <run_address>0x5dd1</run_address>
         <size>0x13f</size>
         <input_file_ref idref="fl-ce"/>
      </object_component>
      <object_component id="oc-5a">
         <name>.debug_info</name>
         <load_address>0x5f10</load_address>
         <run_address>0x5f10</run_address>
         <size>0x138</size>
         <input_file_ref idref="fl-cf"/>
      </object_component>
      <object_component id="oc-60">
         <name>.debug_info</name>
         <load_address>0x6048</load_address>
         <run_address>0x6048</run_address>
         <size>0x148</size>
         <input_file_ref idref="fl-d0"/>
      </object_component>
      <object_component id="oc-78">
         <name>.debug_info</name>
         <load_address>0x6190</load_address>
         <run_address>0x6190</run_address>
         <size>0x109</size>
         <input_file_ref idref="fl-d1"/>
      </object_component>
      <object_component id="oc-2bc">
         <name>.debug_info</name>
         <load_address>0x6299</load_address>
         <run_address>0x6299</run_address>
         <size>0xea</size>
         <input_file_ref idref="fl-d3"/>
      </object_component>
      <object_component id="oc-1b3">
         <name>.debug_info</name>
         <load_address>0x6383</load_address>
         <run_address>0x6383</run_address>
         <size>0x22a</size>
         <input_file_ref idref="fl-d3"/>
      </object_component>
      <object_component id="oc-120">
         <name>.debug_info</name>
         <load_address>0x65ad</load_address>
         <run_address>0x65ad</run_address>
         <size>0x123</size>
         <input_file_ref idref="fl-d5"/>
      </object_component>
      <object_component id="oc-2ae">
         <name>.debug_info</name>
         <load_address>0x66d0</load_address>
         <run_address>0x66d0</run_address>
         <size>0x1c8</size>
         <input_file_ref idref="fl-d6"/>
      </object_component>
      <object_component id="oc-1a1">
         <name>.debug_info</name>
         <load_address>0x6898</load_address>
         <run_address>0x6898</run_address>
         <size>0x35c</size>
         <input_file_ref idref="fl-d6"/>
      </object_component>
      <object_component id="oc-2af">
         <name>.debug_info</name>
         <load_address>0x6bf4</load_address>
         <run_address>0x6bf4</run_address>
         <size>0x2c</size>
         <input_file_ref idref="fl-d6"/>
      </object_component>
      <object_component id="oc-2b4">
         <name>.debug_info</name>
         <load_address>0x6c20</load_address>
         <run_address>0x6c20</run_address>
         <size>0x69</size>
         <input_file_ref idref="fl-d6"/>
      </object_component>
      <object_component id="oc-17e">
         <name>.debug_info</name>
         <load_address>0x6c89</load_address>
         <run_address>0x6c89</run_address>
         <size>0x124</size>
         <input_file_ref idref="fl-d7"/>
      </object_component>
      <object_component id="oc-b4">
         <name>.debug_info</name>
         <load_address>0x6dad</load_address>
         <run_address>0x6dad</run_address>
         <size>0x113</size>
         <input_file_ref idref="fl-d7"/>
      </object_component>
      <object_component id="oc-177">
         <name>.debug_info</name>
         <load_address>0x6ec0</load_address>
         <run_address>0x6ec0</run_address>
         <size>0x21f</size>
         <input_file_ref idref="fl-d7"/>
      </object_component>
      <object_component id="oc-34f">
         <name>.debug_info</name>
         <load_address>0x70df</load_address>
         <run_address>0x70df</run_address>
         <size>0x385</size>
         <input_file_ref idref="fl-d8"/>
      </object_component>
      <object_component id="oc-2a8">
         <name>.debug_info</name>
         <load_address>0x7464</load_address>
         <run_address>0x7464</run_address>
         <size>0x1554</size>
         <input_file_ref idref="fl-d8"/>
      </object_component>
      <object_component id="oc-350">
         <name>.debug_info</name>
         <load_address>0x89b8</load_address>
         <run_address>0x89b8</run_address>
         <size>0x86</size>
         <input_file_ref idref="fl-d8"/>
      </object_component>
      <object_component id="oc-3a0">
         <name>.debug_info</name>
         <load_address>0x8a3e</load_address>
         <run_address>0x8a3e</run_address>
         <size>0x46</size>
         <input_file_ref idref="fl-d8"/>
      </object_component>
      <object_component id="oc-355">
         <name>.debug_info</name>
         <load_address>0x8a84</load_address>
         <run_address>0x8a84</run_address>
         <size>0x39</size>
         <input_file_ref idref="fl-d8"/>
      </object_component>
      <object_component id="oc-af">
         <name>.debug_info</name>
         <load_address>0x8abd</load_address>
         <run_address>0x8abd</run_address>
         <size>0x166</size>
         <input_file_ref idref="fl-d9"/>
      </object_component>
      <object_component id="oc-6c">
         <name>.debug_info</name>
         <load_address>0x8c23</load_address>
         <run_address>0x8c23</run_address>
         <size>0x167</size>
         <input_file_ref idref="fl-d9"/>
      </object_component>
      <object_component id="oc-16f">
         <name>.debug_info</name>
         <load_address>0x8d8a</load_address>
         <run_address>0x8d8a</run_address>
         <size>0x5e</size>
         <input_file_ref idref="fl-d9"/>
      </object_component>
      <object_component id="oc-39b">
         <name>.debug_info</name>
         <load_address>0x8de8</load_address>
         <run_address>0x8de8</run_address>
         <size>0x114</size>
         <input_file_ref idref="fl-da"/>
      </object_component>
      <object_component id="oc-346">
         <name>.debug_info</name>
         <load_address>0x8efc</load_address>
         <run_address>0x8efc</run_address>
         <size>0x171</size>
         <input_file_ref idref="fl-da"/>
      </object_component>
      <object_component id="oc-a7">
         <name>.debug_info</name>
         <load_address>0x906d</load_address>
         <run_address>0x906d</run_address>
         <size>0x2e9</size>
         <input_file_ref idref="fl-db"/>
      </object_component>
      <object_component id="oc-66">
         <name>.debug_info</name>
         <load_address>0x9356</load_address>
         <run_address>0x9356</run_address>
         <size>0x190</size>
         <input_file_ref idref="fl-db"/>
      </object_component>
      <object_component id="oc-d3">
         <name>.debug_info</name>
         <load_address>0x94e6</load_address>
         <run_address>0x94e6</run_address>
         <size>0x39</size>
         <input_file_ref idref="fl-db"/>
      </object_component>
      <object_component id="oc-189">
         <name>.debug_info</name>
         <load_address>0x951f</load_address>
         <run_address>0x951f</run_address>
         <size>0x39</size>
         <input_file_ref idref="fl-db"/>
      </object_component>
      <object_component id="oc-d8">
         <name>.debug_info</name>
         <load_address>0x9558</load_address>
         <run_address>0x9558</run_address>
         <size>0xcd</size>
         <input_file_ref idref="fl-db"/>
      </object_component>
      <object_component id="oc-cf">
         <name>.debug_info</name>
         <load_address>0x9625</load_address>
         <run_address>0x9625</run_address>
         <size>0x1e0</size>
         <input_file_ref idref="fl-dc"/>
      </object_component>
      <object_component id="oc-9b">
         <name>.debug_info</name>
         <load_address>0x9805</load_address>
         <run_address>0x9805</run_address>
         <size>0x183</size>
         <input_file_ref idref="fl-dc"/>
      </object_component>
      <object_component id="oc-184">
         <name>.debug_info</name>
         <load_address>0x9988</load_address>
         <run_address>0x9988</run_address>
         <size>0x2c</size>
         <input_file_ref idref="fl-dc"/>
      </object_component>
      <object_component id="oc-3b5">
         <name>.debug_info</name>
         <load_address>0x99b4</load_address>
         <run_address>0x99b4</run_address>
         <size>0xee</size>
         <input_file_ref idref="fl-dd"/>
      </object_component>
      <object_component id="oc-398">
         <name>.debug_info</name>
         <load_address>0x9aa2</load_address>
         <run_address>0x9aa2</run_address>
         <size>0xfa</size>
         <input_file_ref idref="fl-dd"/>
      </object_component>
      <object_component id="oc-32d">
         <name>.debug_info</name>
         <load_address>0x9b9c</load_address>
         <run_address>0x9b9c</run_address>
         <size>0x144</size>
         <input_file_ref idref="fl-de"/>
      </object_component>
      <object_component id="oc-312">
         <name>.debug_info</name>
         <load_address>0x9ce0</load_address>
         <run_address>0x9ce0</run_address>
         <size>0x120</size>
         <input_file_ref idref="fl-df"/>
      </object_component>
      <object_component id="oc-317">
         <name>.debug_info</name>
         <load_address>0x9e00</load_address>
         <run_address>0x9e00</run_address>
         <size>0x122</size>
         <input_file_ref idref="fl-df"/>
      </object_component>
      <object_component id="oc-31c">
         <name>.debug_info</name>
         <load_address>0x9f22</load_address>
         <run_address>0x9f22</run_address>
         <size>0x126</size>
         <input_file_ref idref="fl-e0"/>
      </object_component>
      <object_component id="oc-327">
         <name>.debug_info</name>
         <load_address>0xa048</load_address>
         <run_address>0xa048</run_address>
         <size>0x124</size>
         <input_file_ref idref="fl-e1"/>
      </object_component>
      <object_component id="oc-380">
         <name>.debug_info</name>
         <load_address>0xa16c</load_address>
         <run_address>0xa16c</run_address>
         <size>0x14c</size>
         <input_file_ref idref="fl-e2"/>
      </object_component>
      <object_component id="oc-321">
         <name>.debug_info</name>
         <load_address>0xa2b8</load_address>
         <run_address>0xa2b8</run_address>
         <size>0x1c2</size>
         <input_file_ref idref="fl-e2"/>
      </object_component>
      <object_component id="oc-39d">
         <name>.debug_info</name>
         <load_address>0xa47a</load_address>
         <run_address>0xa47a</run_address>
         <size>0xf1</size>
         <input_file_ref idref="fl-e3"/>
      </object_component>
      <object_component id="oc-34a">
         <name>.debug_info</name>
         <load_address>0xa56b</load_address>
         <run_address>0xa56b</run_address>
         <size>0x1ab</size>
         <input_file_ref idref="fl-e3"/>
      </object_component>
      <object_component id="oc-384">
         <name>.debug_info</name>
         <load_address>0xa716</load_address>
         <run_address>0xa716</run_address>
         <size>0x13f</size>
         <input_file_ref idref="fl-e4"/>
      </object_component>
      <object_component id="oc-331">
         <name>.debug_info</name>
         <load_address>0xa855</load_address>
         <run_address>0xa855</run_address>
         <size>0x189</size>
         <input_file_ref idref="fl-e4"/>
      </object_component>
      <object_component id="oc-385">
         <name>.debug_info</name>
         <load_address>0xa9de</load_address>
         <run_address>0xa9de</run_address>
         <size>0x2c</size>
         <input_file_ref idref="fl-e4"/>
      </object_component>
      <object_component id="oc-394">
         <name>.debug_info</name>
         <load_address>0xaa0a</load_address>
         <run_address>0xaa0a</run_address>
         <size>0x17c</size>
         <input_file_ref idref="fl-e5"/>
      </object_component>
      <object_component id="oc-337">
         <name>.debug_info</name>
         <load_address>0xab86</load_address>
         <run_address>0xab86</run_address>
         <size>0x1e6</size>
         <input_file_ref idref="fl-e5"/>
      </object_component>
      <object_component id="oc-a1">
         <name>.debug_info</name>
         <load_address>0xad6c</load_address>
         <run_address>0xad6c</run_address>
         <size>0x145</size>
         <input_file_ref idref="fl-e6"/>
      </object_component>
      <object_component id="oc-396">
         <name>.debug_info</name>
         <load_address>0xaeb1</load_address>
         <run_address>0xaeb1</run_address>
         <size>0xf5</size>
         <input_file_ref idref="fl-e7"/>
      </object_component>
      <object_component id="oc-33d">
         <name>.debug_info</name>
         <load_address>0xafa6</load_address>
         <run_address>0xafa6</run_address>
         <size>0x244</size>
         <input_file_ref idref="fl-e7"/>
      </object_component>
      <object_component id="oc-30d">
         <name>.debug_info</name>
         <load_address>0xb1ea</load_address>
         <run_address>0xb1ea</run_address>
         <size>0x17d</size>
         <input_file_ref idref="fl-ea"/>
      </object_component>
      <object_component id="oc-391">
         <name>.debug_info</name>
         <load_address>0xb367</load_address>
         <run_address>0xb367</run_address>
         <size>0xf3</size>
         <input_file_ref idref="fl-eb"/>
      </object_component>
      <object_component id="oc-38b">
         <name>.debug_info</name>
         <load_address>0xb45a</load_address>
         <run_address>0xb45a</run_address>
         <size>0x154</size>
         <input_file_ref idref="fl-ec"/>
      </object_component>
      <object_component id="oc-28a">
         <name>.debug_info</name>
         <load_address>0xb5ae</load_address>
         <run_address>0xb5ae</run_address>
         <size>0x179</size>
         <input_file_ref idref="fl-ed"/>
      </object_component>
      <object_component id="oc-163">
         <name>.debug_info</name>
         <load_address>0xb727</load_address>
         <run_address>0xb727</run_address>
         <size>0x182</size>
         <input_file_ref idref="fl-ed"/>
      </object_component>
      <object_component id="oc-15d">
         <name>.debug_info</name>
         <load_address>0xb8a9</load_address>
         <run_address>0xb8a9</run_address>
         <size>0x1d9</size>
         <input_file_ref idref="fl-ed"/>
      </object_component>
      <object_component id="oc-151">
         <name>.debug_info</name>
         <load_address>0xba82</load_address>
         <run_address>0xba82</run_address>
         <size>0x238</size>
         <input_file_ref idref="fl-ed"/>
      </object_component>
      <object_component id="oc-157">
         <name>.debug_info</name>
         <load_address>0xbcba</load_address>
         <run_address>0xbcba</run_address>
         <size>0x231</size>
         <input_file_ref idref="fl-ed"/>
      </object_component>
      <object_component id="oc-102">
         <name>.debug_info</name>
         <load_address>0xbeeb</load_address>
         <run_address>0xbeeb</run_address>
         <size>0x21a</size>
         <input_file_ref idref="fl-ed"/>
      </object_component>
      <object_component id="oc-108">
         <name>.debug_info</name>
         <load_address>0xc105</load_address>
         <run_address>0xc105</run_address>
         <size>0x22f</size>
         <input_file_ref idref="fl-ed"/>
      </object_component>
      <object_component id="oc-14b">
         <name>.debug_info</name>
         <load_address>0xc334</load_address>
         <run_address>0xc334</run_address>
         <size>0x1de</size>
         <input_file_ref idref="fl-ed"/>
      </object_component>
      <object_component id="oc-2ca">
         <name>.debug_info</name>
         <load_address>0xc512</load_address>
         <run_address>0xc512</run_address>
         <size>0x19b</size>
         <input_file_ref idref="fl-ee"/>
      </object_component>
      <object_component id="oc-1e1">
         <name>.debug_info</name>
         <load_address>0xc6ad</load_address>
         <run_address>0xc6ad</run_address>
         <size>0x19e</size>
         <input_file_ref idref="fl-ee"/>
      </object_component>
      <object_component id="oc-2e2">
         <name>.debug_info</name>
         <load_address>0xc84b</load_address>
         <run_address>0xc84b</run_address>
         <size>0xf0</size>
         <input_file_ref idref="fl-ee"/>
      </object_component>
      <object_component id="oc-372">
         <name>.debug_info</name>
         <load_address>0xc93b</load_address>
         <run_address>0xc93b</run_address>
         <size>0x16d</size>
         <input_file_ref idref="fl-ee"/>
      </object_component>
      <object_component id="oc-ea">
         <name>.debug_info</name>
         <load_address>0xcaa8</load_address>
         <run_address>0xcaa8</run_address>
         <size>0x188</size>
         <input_file_ref idref="fl-ee"/>
      </object_component>
      <object_component id="oc-e4">
         <name>.debug_info</name>
         <load_address>0xcc30</load_address>
         <run_address>0xcc30</run_address>
         <size>0x1ba</size>
         <input_file_ref idref="fl-ee"/>
      </object_component>
      <object_component id="oc-284">
         <name>.debug_info</name>
         <load_address>0xcdea</load_address>
         <run_address>0xcdea</run_address>
         <size>0x204</size>
         <input_file_ref idref="fl-ee"/>
      </object_component>
      <object_component id="oc-2f2">
         <name>.debug_info</name>
         <load_address>0xcfee</load_address>
         <run_address>0xcfee</run_address>
         <size>0x1cf</size>
         <input_file_ref idref="fl-ee"/>
      </object_component>
      <object_component id="oc-228">
         <name>.debug_info</name>
         <load_address>0xd1bd</load_address>
         <run_address>0xd1bd</run_address>
         <size>0x206</size>
         <input_file_ref idref="fl-ee"/>
      </object_component>
      <object_component id="oc-f0">
         <name>.debug_info</name>
         <load_address>0xd3c3</load_address>
         <run_address>0xd3c3</run_address>
         <size>0x1ab</size>
         <input_file_ref idref="fl-ee"/>
      </object_component>
      <object_component id="oc-2ec">
         <name>.debug_info</name>
         <load_address>0xd56e</load_address>
         <run_address>0xd56e</run_address>
         <size>0x1ad</size>
         <input_file_ref idref="fl-ee"/>
      </object_component>
      <object_component id="oc-37a">
         <name>.debug_info</name>
         <load_address>0xd71b</load_address>
         <run_address>0xd71b</run_address>
         <size>0xe8</size>
         <input_file_ref idref="fl-ef"/>
      </object_component>
      <object_component id="oc-304">
         <name>.debug_info</name>
         <load_address>0xd803</load_address>
         <run_address>0xd803</run_address>
         <size>0xf6</size>
         <input_file_ref idref="fl-ef"/>
      </object_component>
      <object_component id="oc-2d8">
         <name>.debug_info</name>
         <load_address>0xd8f9</load_address>
         <run_address>0xd8f9</run_address>
         <size>0x1cb</size>
         <input_file_ref idref="fl-ef"/>
      </object_component>
      <object_component id="oc-27b">
         <name>.debug_info</name>
         <load_address>0xdac4</load_address>
         <run_address>0xdac4</run_address>
         <size>0x219</size>
         <input_file_ref idref="fl-ef"/>
      </object_component>
      <object_component id="oc-20a">
         <name>.debug_info</name>
         <load_address>0xdcdd</load_address>
         <run_address>0xdcdd</run_address>
         <size>0x1e0</size>
         <input_file_ref idref="fl-ef"/>
      </object_component>
      <object_component id="oc-140">
         <name>.debug_info</name>
         <load_address>0xdebd</load_address>
         <run_address>0xdebd</run_address>
         <size>0x1cd</size>
         <input_file_ref idref="fl-ef"/>
      </object_component>
      <object_component id="oc-2d4">
         <name>.debug_info</name>
         <load_address>0xe08a</load_address>
         <run_address>0xe08a</run_address>
         <size>0x1f8</size>
         <input_file_ref idref="fl-f0"/>
      </object_component>
      <object_component id="oc-2d0">
         <name>.debug_info</name>
         <load_address>0xe282</load_address>
         <run_address>0xe282</run_address>
         <size>0xff</size>
         <input_file_ref idref="fl-f0"/>
      </object_component>
      <object_component id="oc-1e5">
         <name>.debug_info</name>
         <load_address>0xe381</load_address>
         <run_address>0xe381</run_address>
         <size>0x1b2</size>
         <input_file_ref idref="fl-f0"/>
      </object_component>
      <object_component id="oc-1f7">
         <name>.debug_info</name>
         <load_address>0xe533</load_address>
         <run_address>0xe533</run_address>
         <size>0x1f7</size>
         <input_file_ref idref="fl-f0"/>
      </object_component>
      <object_component id="oc-203">
         <name>.debug_info</name>
         <load_address>0xe72a</load_address>
         <run_address>0xe72a</run_address>
         <size>0x1f9</size>
         <input_file_ref idref="fl-f0"/>
      </object_component>
      <object_component id="oc-18f">
         <name>.debug_info</name>
         <load_address>0xe923</load_address>
         <run_address>0xe923</run_address>
         <size>0x222</size>
         <input_file_ref idref="fl-f0"/>
      </object_component>
      <object_component id="oc-1fd">
         <name>.debug_info</name>
         <load_address>0xeb45</load_address>
         <run_address>0xeb45</run_address>
         <size>0x1cc</size>
         <input_file_ref idref="fl-f0"/>
      </object_component>
      <object_component id="oc-f6">
         <name>.debug_info</name>
         <load_address>0xed11</load_address>
         <run_address>0xed11</run_address>
         <size>0x28f</size>
         <input_file_ref idref="fl-f0"/>
      </object_component>
      <object_component id="oc-1eb">
         <name>.debug_info</name>
         <load_address>0xefa0</load_address>
         <run_address>0xefa0</run_address>
         <size>0x1cb</size>
         <input_file_ref idref="fl-f0"/>
      </object_component>
      <object_component id="oc-1f1">
         <name>.debug_info</name>
         <load_address>0xf16b</load_address>
         <run_address>0xf16b</run_address>
         <size>0x1e0</size>
         <input_file_ref idref="fl-f0"/>
      </object_component>
      <object_component id="oc-195">
         <name>.debug_info</name>
         <load_address>0xf34b</load_address>
         <run_address>0xf34b</run_address>
         <size>0x268</size>
         <input_file_ref idref="fl-f1"/>
      </object_component>
      <object_component id="oc-2a0">
         <name>.debug_info</name>
         <load_address>0xf5b3</load_address>
         <run_address>0xf5b3</run_address>
         <size>0x18a</size>
         <input_file_ref idref="fl-f1"/>
      </object_component>
[...]
         <object_component_ref idref="oc-29"/>
      </symbol>
      <symbol id="sm-14c">
         <name>__TI_decompress_lzss</name>
         <value>0x20006ff9</value>
         <object_component_ref idref="oc-12"/>
      </symbol>
      <symbol id="sm-163">
         <name>__TI_decompress_none</name>
         <value>0x20007a67</value>
         <object_component_ref idref="oc-18"/>
      </symbol>
      <symbol id="sm-175">
         <name>__TI_zero_init</name>
         <value>0x20007a83</value>
         <object_component_ref idref="oc-1e"/>
      </symbol>
      <symbol id="sm-196">
         <name>C$$EXIT</name>
         <value>0x200072e5</value>
         <object_component_ref idref="oc-71"/>
      </symbol>
      <symbol id="sm-197">
         <name>abort</name>
         <value>0x200072e9</value>
         <object_component_ref idref="oc-71"/>
      </symbol>
      <symbol id="sm-198">
         <name>exit</name>
         <value>0x200072f1</value>
         <object_component_ref idref="oc-71"/>
      </symbol>
      <symbol id="sm-199">
         <name>__TI_dtors_ptr</name>
         <value>0x2002090c</value>
         <object_component_ref idref="oc-b0"/>
      </symbol>
      <symbol id="sm-19a">
         <name>__TI_cleanup_ptr</name>
         <value>0x20020908</value>
         <object_component_ref idref="oc-b0"/>
      </symbol>
      <symbol id="sm-19b">
         <name>__TI_enable_exit_profile_output</name>
         <value>0x20020910</value>
         <object_component_ref idref="oc-b0"/>
      </symbol>
      <symbol id="sm-1af">
         <name>__aeabi_ddiv</name>
         <value>0x20006531</value>
         <object_component_ref idref="oc-12e"/>
      </symbol>
      <symbol id="sm-1ba">
         <name>__aeabi_dmul</name>
         <value>0x20006667</value>
         <object_component_ref idref="oc-129"/>
      </symbol>
      <symbol id="sm-1c6">
         <name>__aeabi_d2f</name>
         <value>0x20006f21</value>
         <object_component_ref idref="oc-133"/>
      </symbol>
      <symbol id="sm-1d1">
         <name>__aeabi_f2d</name>
         <value>0x200076ad</value>
         <object_component_ref idref="oc-124"/>
      </symbol>
      <symbol id="sm-1ec">
         <name>memcpy</name>
         <value>0x20006a75</value>
         <object_component_ref idref="oc-41"/>
      </symbol>
      <symbol id="sm-1ed">
         <name>__aeabi_memcpy</name>
         <value>0x20006a75</value>
         <object_component_ref idref="oc-41"/>
      </symbol>
      <symbol id="sm-1ee">
         <name>__aeabi_memcpy8</name>
         <value>0x20006a75</value>
         <object_component_ref idref="oc-41"/>
      </symbol>
      <symbol id="sm-1ef">
         <name>__aeabi_memcpy4</name>
         <value>0x20006a75</value>
         <object_component_ref idref="oc-41"/>
      </symbol>
      <symbol id="sm-1ff">
         <name>memmove</name>
         <value>0x200077e1</value>
         <object_component_ref idref="oc-1b8"/>
      </symbol>
      <symbol id="sm-273">
         <name>_sys_memory</name>
         <value>0x20017000</value>
         <object_component_ref idref="oc-2a"/>
      </symbol>
      <symbol id="sm-274">
         <name>free</name>
         <value>0x2000560f</value>
         <object_component_ref idref="oc-1be"/>
      </symbol>
      <symbol id="sm-275">
         <name>realloc</name>
         <value>0x200056d1</value>
         <object_component_ref idref="oc-1be"/>
      </symbol>
      <symbol id="sm-276">
         <name>memalign</name>
         <value>0x200057d9</value>
         <object_component_ref idref="oc-1be"/>
      </symbol>
      <symbol id="sm-277">
         <name>calloc</name>
         <value>0x200058c5</value>
         <object_component_ref idref="oc-1be"/>
      </symbol>
      <symbol id="sm-278">
         <name>malloc</name>
         <value>0x200055a5</value>
         <object_component_ref idref="oc-1be"/>
      </symbol>
      <symbol id="sm-279">
         <name>minit</name>
         <value>0x20005525</value>
         <object_component_ref idref="oc-1be"/>
      </symbol>
      <symbol id="sm-288">
         <name>__aeabi_memset</name>
         <value>0x20006dc3</value>
         <object_component_ref idref="oc-4d"/>
      </symbol>
      <symbol id="sm-289">
         <name>memset</name>
         <value>0x20006dc9</value>
         <object_component_ref idref="oc-4d"/>
      </symbol>
      <symbol id="sm-28a">
         <name>__aeabi_memset8</name>
         <value>0x20006dc3</value>
         <object_component_ref idref="oc-4d"/>
      </symbol>
      <symbol id="sm-28b">
         <name>__aeabi_memset4</name>
         <value>0x20006dc3</value>
         <object_component_ref idref="oc-4d"/>
      </symbol>
      <symbol id="sm-28c">
         <name>__aeabi_memclr8</name>
         <value>0x20006dc1</value>
         <object_component_ref idref="oc-4d"/>
      </symbol>
      <symbol id="sm-28d">
         <name>__aeabi_memclr4</name>
         <value>0x20006dc1</value>
         <object_component_ref idref="oc-4d"/>
      </symbol>
      <symbol id="sm-28e">
         <name>__aeabi_memclr</name>
         <value>0x20006dc1</value>
         <object_component_ref idref="oc-4d"/>
      </symbol>
      <symbol id="sm-298">
         <name>__mpu_init</name>
         <value>0x200063b7</value>
         <object_component_ref idref="oc-59"/>
      </symbol>
      <symbol id="sm-2a2">
         <name>_system_pre_init</name>
         <value>0x20007ad9</value>
         <object_component_ref idref="oc-5f"/>
      </symbol>
      <symbol id="sm-2aa">
         <name>main_func_sp</name>
         <value>0x2002092c</value>
         <object_component_ref idref="oc-77"/>
      </symbol>
      <symbol id="sm-2b9">
         <name>strlen</name>
         <value>0x20007a19</value>
         <object_component_ref idref="oc-1b2"/>
      </symbol>
      <symbol id="sm-2c5">
         <name>__aeabi_ui2f</name>
         <value>0x20007805</value>
         <object_component_ref idref="oc-11f"/>
      </symbol>
      <symbol id="sm-2e6">
         <name>vsnprintf</name>
         <value>0x20006c2d</value>
         <object_component_ref idref="oc-1a0"/>
      </symbol>
      <symbol id="sm-2ff">
         <name>_nop</name>
         <value>0x20007a13</value>
         <object_component_ref idref="oc-176"/>
      </symbol>
      <symbol id="sm-300">
         <name>_lock</name>
         <value>0x20020920</value>
         <object_component_ref idref="oc-b3"/>
      </symbol>
      <symbol id="sm-301">
         <name>_unlock</name>
         <value>0x20020924</value>
         <object_component_ref idref="oc-b3"/>
      </symbol>
      <symbol id="sm-302">
         <name>_register_lock</name>
         <value>0x20007a0b</value>
         <object_component_ref idref="oc-176"/>
      </symbol>
      <symbol id="sm-303">
         <name>_register_unlock</name>
         <value>0x20007a05</value>
         <object_component_ref idref="oc-176"/>
      </symbol>
      <symbol id="sm-404">
         <name>__TI_printfi</name>
         <value>0x20004c39</value>
         <object_component_ref idref="oc-2a7"/>
      </symbol>
      <symbol id="sm-418">
         <name>_args_main</name>
         <value>0x20007945</value>
         <object_component_ref idref="oc-6b"/>
      </symbol>
      <symbol id="sm-42e">
         <name>atoi</name>
         <value>0x2000738d</value>
         <object_component_ref idref="oc-342"/>
      </symbol>
      <symbol id="sm-458">
         <name>__TI_auto_init</name>
         <value>0x20006eb1</value>
         <object_component_ref idref="oc-65"/>
      </symbol>
      <symbol id="sm-472">
         <name>copy_in</name>
         <value>0x200073d9</value>
         <object_component_ref idref="oc-9a"/>
      </symbol>
      <symbol id="sm-47d">
         <name>_ctypes_</name>
         <value>0x20007adc</value>
         <object_component_ref idref="oc-397"/>
      </symbol>
      <symbol id="sm-494">
         <name>__aeabi_dsub</name>
         <value>0x20006201</value>
         <object_component_ref idref="oc-32b"/>
      </symbol>
      <symbol id="sm-495">
         <name>__aeabi_dadd</name>
         <value>0x2000620b</value>
         <object_component_ref idref="oc-32b"/>
      </symbol>
      <symbol id="sm-4b7">
         <name>__aeabi_cdcmpeq</name>
         <value>0x20006cb5</value>
         <object_component_ref idref="oc-311"/>
      </symbol>
      <symbol id="sm-4b8">
         <name>__aeabi_cdcmple</name>
         <value>0x20006cb5</value>
         <object_component_ref idref="oc-311"/>
      </symbol>
      <symbol id="sm-4b9">
         <name>__aeabi_cdrcmple</name>
         <value>0x20006d3b</value>
         <object_component_ref idref="oc-316"/>
      </symbol>
      <symbol id="sm-4c3">
         <name>__aeabi_d2iz</name>
         <value>0x200074bd</value>
         <object_component_ref idref="oc-31b"/>
      </symbol>
      <symbol id="sm-4cd">
         <name>__aeabi_i2d</name>
         <value>0x20007715</value>
         <object_component_ref idref="oc-326"/>
      </symbol>
      <symbol id="sm-4dc">
         <name>ltoa</name>
         <value>0x20007339</value>
         <object_component_ref idref="oc-320"/>
      </symbol>
      <symbol id="sm-4ec">
         <name>memccpy</name>
         <value>0x2000789f</value>
         <object_component_ref idref="oc-348"/>
      </symbol>
      <symbol id="sm-507">
         <name>frexpl</name>
         <value>0x20007185</value>
         <object_component_ref idref="oc-330"/>
      </symbol>
      <symbol id="sm-508">
         <name>frexp</name>
         <value>0x20007185</value>
         <object_component_ref idref="oc-330"/>
      </symbol>
      <symbol id="sm-526">
         <name>scalbn</name>
         <value>0x20006855</value>
         <object_component_ref idref="oc-336"/>
      </symbol>
      <symbol id="sm-527">
         <name>scalbnl</name>
         <value>0x20006855</value>
         <object_component_ref idref="oc-336"/>
      </symbol>
      <symbol id="sm-528">
         <name>ldexpl</name>
         <value>0x20006855</value>
         <object_component_ref idref="oc-336"/>
      </symbol>
      <symbol id="sm-529">
         <name>ldexp</name>
         <value>0x20006855</value>
         <object_component_ref idref="oc-336"/>
      </symbol>
      <symbol id="sm-533">
         <name>_system_post_cinit</name>
         <value>0x20006763</value>
         <object_component_ref idref="oc-a0"/>
      </symbol>
      <symbol id="sm-543">
         <name>strchr</name>
         <value>0x20007989</value>
         <object_component_ref idref="oc-33c"/>
      </symbol>
      <symbol id="sm-561">
         <name>__aeabi_uldivmod</name>
         <value>0x20005e41</value>
         <object_component_ref idref="oc-30c"/>
      </symbol>
      <symbol id="sm-569">
         <name>errno</name>
         <value>0x20020928</value>
         <object_component_ref idref="oc-390"/>
      </symbol>
      <symbol id="sm-573">
         <name>copysign</name>
         <value>0x20007acb</value>
         <object_component_ref idref="oc-38a"/>
      </symbol>
      <symbol id="sm-574">
         <name>copysignl</name>
         <value>0x20007acb</value>
         <object_component_ref idref="oc-38a"/>
      </symbol>
      <symbol id="sm-5d1">
         <name>ADCIntEnable</name>
         <value>0x20006f91</value>
         <object_component_ref idref="oc-156"/>
      </symbol>
      <symbol id="sm-5d2">
         <name>ADCDMAEnable</name>
         <value>0x20007675</value>
         <object_component_ref idref="oc-14a"/>
      </symbol>
      <symbol id="sm-5d3">
         <name>ADCChannelEnable</name>
         <value>0x2000763d</value>
         <object_component_ref idref="oc-15c"/>
      </symbol>
      <symbol id="sm-5d4">
         <name>ADCEnable</name>
         <value>0x200079b5</value>
         <object_component_ref idref="oc-162"/>
      </symbol>
      <symbol id="sm-5d5">
         <name>ADCIntClear</name>
         <value>0x200071e1</value>
         <object_component_ref idref="oc-107"/>
      </symbol>
      <symbol id="sm-5d6">
         <name>ADCIntStatus</name>
         <value>0x20007129</value>
         <object_component_ref idref="oc-101"/>
      </symbol>
      <symbol id="sm-5d7">
         <name>ADCIntRegister</name>
         <value>0x20007585</value>
         <object_component_ref idref="oc-150"/>
      </symbol>
      <symbol id="sm-64f">
         <name>IntPrioritySet</name>
         <value>0x20007291</value>
         <object_component_ref idref="oc-227"/>
      </symbol>
      <symbol id="sm-650">
         <name>IntVTableBaseSet</name>
         <value>0x200079dd</value>
         <object_component_ref idref="oc-e3"/>
      </symbol>
      <symbol id="sm-651">
         <name>IntEnable</name>
         <value>0x200069cd</value>
         <object_component_ref idref="oc-ef"/>
      </symbol>
      <symbol id="sm-652">
         <name>IntDisable</name>
         <value>0x20006925</value>
         <object_component_ref idref="oc-2eb"/>
      </symbol>
      <symbol id="sm-653">
         <name>IntRegister</name>
         <value>0x20007829</value>
         <object_component_ref idref="oc-283"/>
      </symbol>
      <symbol id="sm-654">
         <name>IntUnregister</name>
         <value>0x20007799</value>
         <object_component_ref idref="oc-2f1"/>
      </symbol>
      <symbol id="sm-655">
         <name>IntMasterEnable</name>
         <value>0x20007ac1</value>
         <object_component_ref idref="oc-e9"/>
      </symbol>
      <symbol id="sm-68a">
         <name>PinTypeUART</name>
         <value>0x20007911</value>
         <object_component_ref idref="oc-209"/>
      </symbol>
      <symbol id="sm-68b">
         <name>PinTypeADC</name>
         <value>0x200079f1</value>
         <object_component_ref idref="oc-13e"/>
      </symbol>
      <symbol id="sm-68c">
         <name>PinConfigSet</name>
         <value>0x20006ba5</value>
         <object_component_ref idref="oc-27a"/>
      </symbol>
      <symbol id="sm-68d">
         <name>PinModeSet</name>
         <value>0x20007505</value>
         <object_component_ref idref="oc-2d6"/>
      </symbol>
      <symbol id="sm-713">
         <name>PRCMPeripheralReset</name>
         <value>0x20007239</value>
         <object_component_ref idref="oc-1fc"/>
      </symbol>
      <symbol id="sm-714">
         <name>PRCMPeripheralClkEnable</name>
         <value>0x200075c5</value>
         <object_component_ref idref="oc-1f6"/>
      </symbol>
      <symbol id="sm-715">
         <name>PRCMPeripheralClockGet</name>
         <value>0x20006b11</value>
         <object_component_ref idref="oc-18e"/>
      </symbol>
      <symbol id="sm-716">
         <name>PRCMCC3200MCUInit</name>
         <value>0x200063b9</value>
         <object_component_ref idref="oc-f5"/>
      </symbol>
      <symbol id="sm-717">
         <name>PRCMHIBRegWrite</name>
         <value>0x20007973</value>
         <object_component_ref idref="oc-1f0"/>
      </symbol>
      <symbol id="sm-718">
         <name>PRCMSysResetCauseGet</name>
         <value>0x20007745</value>
         <object_component_ref idref="oc-1e4"/>
      </symbol>
      <symbol id="sm-719">
         <name>PRCMPeripheralClkDisable</name>
         <value>0x20007771</value>
         <object_component_ref idref="oc-202"/>
      </symbol>
      <symbol id="sm-71a">
         <name>PRCMHIBRegRead</name>
         <value>0x2000795d</value>
         <object_component_ref idref="oc-1ea"/>
      </symbol>
      <symbol id="sm-756">
         <name>UARTConfigSetExpClk</name>
         <value>0x20006e3b</value>
         <object_component_ref idref="oc-194"/>
      </symbol>
      <symbol id="sm-757">
         <name>UARTDisable</name>
         <value>0x200076e5</value>
         <object_component_ref idref="oc-299"/>
      </symbol>
      <symbol id="sm-758">
         <name>UARTCharsAvail</name>
         <value>0x2000792b</value>
         <object_component_ref idref="oc-1a6"/>
      </symbol>
      <symbol id="sm-759">
         <name>UARTCharGetNonBlocking</name>
         <value>0x20007867</value>
         <object_component_ref idref="oc-1ac"/>
      </symbol>
      <symbol id="sm-75a">
         <name>UARTCharPut</name>
         <value>0x20007849</value>
         <object_component_ref idref="oc-19a"/>
      </symbol>
      <symbol id="sm-75b">
         <name>UARTEnable</name>
         <value>0x200077bd</value>
         <object_component_ref idref="oc-29f"/>
      </symbol>
      <symbol id="sm-81e">
         <name>uDMAChannelControlSet</name>
         <value>0x20007601</value>
         <object_component_ref idref="oc-119"/>
      </symbol>
      <symbol id="sm-81f">
         <name>uDMAIntClear</name>
         <value>0x20007a41</value>
         <object_component_ref idref="oc-221"/>
      </symbol>
      <symbol id="sm-820">
         <name>uDMAControlBaseGet</name>
         <value>0x20007a91</value>
         <object_component_ref idref="oc-113"/>
      </symbol>
      <symbol id="sm-821">
         <name>uDMAChannelDisable</name>
         <value>0x200078bd</value>
         <object_component_ref idref="oc-24b"/>
      </symbol>
      <symbol id="sm-822">
         <name>uDMAChannelModeGet</name>
         <value>0x20007471</value>
         <object_component_ref idref="oc-10d"/>
      </symbol>
      <symbol id="sm-823">
         <name>uDMAIntUnregister</name>
         <value>0x20007a55</value>
         <object_component_ref idref="oc-251"/>
      </symbol>
      <symbol id="sm-824">
         <name>uDMAChannelAttributeEnable</name>
         <value>0x200070c5</value>
         <object_component_ref idref="oc-25d"/>
      </symbol>
      <symbol id="sm-825">
         <name>uDMADisable</name>
         <value>0x20007a9d</value>
         <object_component_ref idref="oc-257"/>
      </symbol>
      <symbol id="sm-826">
         <name>uDMAChannelTransferSet</name>
         <value>0x20006765</value>
         <object_component_ref idref="oc-263"/>
      </symbol>
      <symbol id="sm-827">
         <name>uDMAIntStatus</name>
         <value>0x20007ab5</value>
         <object_component_ref idref="oc-21b"/>
      </symbol>
      <symbol id="sm-828">
         <name>uDMAChannelAssign</name>
         <value>0x20007425</value>
         <object_component_ref idref="oc-144"/>
      </symbol>
      <symbol id="sm-829">
         <name>uDMAIntRegister</name>
         <value>0x2000799f</value>
         <object_component_ref idref="oc-22d"/>
      </symbol>
      <symbol id="sm-82a">
         <name>uDMAEnable</name>
         <value>0x20007aa9</value>
         <object_component_ref idref="oc-233"/>
      </symbol>
      <symbol id="sm-82b">
         <name>uDMAControlBaseSet</name>
         <value>0x20007a2d</value>
         <object_component_ref idref="oc-239"/>
      </symbol>
      <symbol id="sm-82c">
         <name>uDMAChannelAttributeDisable</name>
         <value>0x20007061</value>
         <object_component_ref idref="oc-23f"/>
      </symbol>
      <symbol id="sm-82d">
         <name>uDMAChannelEnable</name>
         <value>0x200078d9</value>
         <object_component_ref idref="oc-269"/>
      </symbol>
      <symbol id="sm-82e">
         <name>uDMAChannelRequest</name>
         <value>0x200078f5</value>
         <object_component_ref idref="oc-245"/>
      </symbol>
      <symbol id="sm-832">
         <name>UtilsDelay</name>
         <value>0x20007ad3</value>
         <object_component_ref idref="oc-2cc"/>
      </symbol>
      <symbol id="sm-83c">
         <name>CPUcpsie</name>
         <value>0x200079c9</value>
         <object_component_ref idref="oc-1d4"/>
      </symbol>
      <symbol id="sm-83e">
         <name>__TI_static_base__</name>
         <value>0x20007ee0</value>
      </symbol>
      <symbol id="sm-841">
         <name>SHT$$INIT_ARRAY$$Limit</name>
         <value>0x0</value>
      </symbol>
      <symbol id="sm-842">
         <name>SHT$$INIT_ARRAY$$Base</name>
         <value>0x0</value>
      </symbol>
   </symbol_table>
   <title>Link successful</title>
</link_info>
